Archive member included to satisfy reference by file (symbol)

/opt/homebrew/Cellar/arm-none-eabi-gcc/10.3-2021.07/gcc/bin/../lib/gcc/arm-none-eabi/10.3.1/../../../../arm-none-eabi/lib/thumb/v6-m/nofp/libstdc++.a(functexcept.o)
                              CMakeFiles/my_project.dir/Users/wyatt/Dev/picosystem/libraries/text.cpp.obj (std::__throw_logic_error(char const*))
/opt/homebrew/Cellar/arm-none-eabi-gcc/10.3-2021.07/gcc/bin/../lib/gcc/arm-none-eabi/10.3.1/../../../../arm-none-eabi/lib/thumb/v6-m/nofp/libstdc++.a(snprintf_lite.o)
                              /opt/homebrew/Cellar/arm-none-eabi-gcc/10.3-2021.07/gcc/bin/../lib/gcc/arm-none-eabi/10.3.1/../../../../arm-none-eabi/lib/thumb/v6-m/nofp/libstdc++.a(functexcept.o) (__gnu_cxx::__snprintf_lite(char*, unsigned int, char const*, std::__va_list))
/opt/homebrew/Cellar/arm-none-eabi-gcc/10.3-2021.07/gcc/bin/../lib/gcc/arm-none-eabi/10.3.1/../../../../arm-none-eabi/lib/thumb/v6-m/nofp/libstdc++.a(string-inst.o)
                              CMakeFiles/my_project.dir/Users/wyatt/Dev/picosystem/libraries/utility.cpp.obj (std::__cxx11::basic_string<char, std::char_traits<char>, std::allocator<char> >::_M_create(unsigned int&, unsigned int))
/opt/homebrew/Cellar/arm-none-eabi-gcc/10.3-2021.07/gcc/bin/../lib/gcc/arm-none-eabi/10.3.1/../../../../arm-none-eabi/lib/thumb/v6-m/nofp/libstdc++.a(bad_alloc.o)
                              /opt/homebrew/Cellar/arm-none-eabi-gcc/10.3-2021.07/gcc/bin/../lib/gcc/arm-none-eabi/10.3.1/../../../../arm-none-eabi/lib/thumb/v6-m/nofp/libstdc++.a(functexcept.o) (std::bad_alloc::~bad_alloc())
/opt/homebrew/Cellar/arm-none-eabi-gcc/10.3-2021.07/gcc/bin/../lib/gcc/arm-none-eabi/10.3.1/../../../../arm-none-eabi/lib/thumb/v6-m/nofp/libstdc++.a(bad_cast.o)
                              /opt/homebrew/Cellar/arm-none-eabi-gcc/10.3-2021.07/gcc/bin/../lib/gcc/arm-none-eabi/10.3.1/../../../../arm-none-eabi/lib/thumb/v6-m/nofp/libstdc++.a(functexcept.o) (std::bad_cast::~bad_cast())
/opt/homebrew/Cellar/arm-none-eabi-gcc/10.3-2021.07/gcc/bin/../lib/gcc/arm-none-eabi/10.3.1/../../../../arm-none-eabi/lib/thumb/v6-m/nofp/libstdc++.a(bad_typeid.o)
                              /opt/homebrew/Cellar/arm-none-eabi-gcc/10.3-2021.07/gcc/bin/../lib/gcc/arm-none-eabi/10.3.1/../../../../arm-none-eabi/lib/thumb/v6-m/nofp/libstdc++.a(functexcept.o) (std::bad_typeid::~bad_typeid())
/opt/homebrew/Cellar/arm-none-eabi-gcc/10.3-2021.07/gcc/bin/../lib/gcc/arm-none-eabi/10.3.1/../../../../arm-none-eabi/lib/thumb/v6-m/nofp/libstdc++.a(eh_alloc.o)
                              /opt/homebrew/Cellar/arm-none-eabi-gcc/10.3-2021.07/gcc/bin/../lib/gcc/arm-none-eabi/10.3.1/../../../../arm-none-eabi/lib/thumb/v6-m/nofp/libstdc++.a(functexcept.o) (__cxa_allocate_exception)
/opt/homebrew/Cellar/arm-none-eabi-gcc/10.3-2021.07/gcc/bin/../lib/gcc/arm-none-eabi/10.3.1/../../../../arm-none-eabi/lib/thumb/v6-m/nofp/libstdc++.a(eh_arm.o)
                              /opt/homebrew/Cellar/arm-none-eabi-gcc/10.3-2021.07/gcc/bin/../lib/gcc/arm-none-eabi/10.3.1/../../../../arm-none-eabi/lib/thumb/v6-m/nofp/libstdc++.a(functexcept.o) (__cxa_end_cleanup)
/opt/homebrew/Cellar/arm-none-eabi-gcc/10.3-2021.07/gcc/bin/../lib/gcc/arm-none-eabi/10.3.1/../../../../arm-none-eabi/lib/thumb/v6-m/nofp/libstdc++.a(eh_catch.o)
                              /opt/homebrew/Cellar/arm-none-eabi-gcc/10.3-2021.07/gcc/bin/../lib/gcc/arm-none-eabi/10.3.1/../../../../arm-none-eabi/lib/thumb/v6-m/nofp/libstdc++.a(string-inst.o) (__cxa_begin_catch)
/opt/homebrew/Cellar/arm-none-eabi-gcc/10.3-2021.07/gcc/bin/../lib/gcc/arm-none-eabi/10.3.1/../../../../arm-none-eabi/lib/thumb/v6-m/nofp/libstdc++.a(eh_exception.o)
                              /opt/homebrew/Cellar/arm-none-eabi-gcc/10.3-2021.07/gcc/bin/../lib/gcc/arm-none-eabi/10.3.1/../../../../arm-none-eabi/lib/thumb/v6-m/nofp/libstdc++.a(bad_alloc.o) (std::exception::~exception())
/opt/homebrew/Cellar/arm-none-eabi-gcc/10.3-2021.07/gcc/bin/../lib/gcc/arm-none-eabi/10.3.1/../../../../arm-none-eabi/lib/thumb/v6-m/nofp/libstdc++.a(eh_globals.o)
                              /opt/homebrew/Cellar/arm-none-eabi-gcc/10.3-2021.07/gcc/bin/../lib/gcc/arm-none-eabi/10.3.1/../../../../arm-none-eabi/lib/thumb/v6-m/nofp/libstdc++.a(eh_catch.o) (__cxa_get_globals_fast)
/opt/homebrew/Cellar/arm-none-eabi-gcc/10.3-2021.07/gcc/bin/../lib/gcc/arm-none-eabi/10.3.1/../../../../arm-none-eabi/lib/thumb/v6-m/nofp/libstdc++.a(eh_personality.o)
                              /opt/homebrew/Cellar/arm-none-eabi-gcc/10.3-2021.07/gcc/bin/../lib/gcc/arm-none-eabi/10.3.1/../../../../arm-none-eabi/lib/thumb/v6-m/nofp/libstdc++.a(functexcept.o) (__gxx_personality_v0)
/opt/homebrew/Cellar/arm-none-eabi-gcc/10.3-2021.07/gcc/bin/../lib/gcc/arm-none-eabi/10.3.1/../../../../arm-none-eabi/lib/thumb/v6-m/nofp/libstdc++.a(eh_terminate.o)
[...]
Memory Configuration

Name             Origin             Length             Attributes
FLASH            0x0000000010000000 0x0000000000c00000 xr
FAT              0x0000000010003000 0x0000000000400000 r
RAM              0x0000000020000000 0x0000000000040000 xrw
SCRATCH_X        0x0000000020040000 0x0000000000001000 xrw
SCRATCH_Y        0x0000000020041000 0x0000000000001000 xrw
*default*        0x0000000000000000 0xffffffffffffffff

Linker script and memory map

LOAD /opt/homebrew/Cellar/arm-none-eabi-gcc/10.3-2021.07/gcc/bin/../lib/gcc/arm-none-eabi/10.3.1/thumb/v6-m/nofp/crti.o
LOAD /opt/homebrew/Cellar/arm-none-eabi-gcc/10.3-2021.07/gcc/bin/../lib/gcc/arm-none-eabi/10.3.1/thumb/v6-m/nofp/crtbegin.o
LOAD /opt/homebrew/Cellar/arm-none-eabi-gcc/10.3-2021.07/gcc/bin/../lib/gcc/arm-none-eabi/10.3.1/../../../../arm-none-eabi/lib/thumb/v6-m/nofp/crt0.o

.flash_begin    0x0000000010000000        0x0
                0x0000000010000000                __flash_binary_start = .

.boot2          0x0000000010000000      0x100
                0x0000000010000000                __boot2_start__ = .
 *(.boot2)
 .boot2         0x0000000010000000      0x100 /var/folders/3c/kzcmk4f11wl5lz4z7pyywvs00000gn/T//ccJC74kE.o
                0x0000000010000100                __boot2_end__ = .
                0x0000000000000001                ASSERT (((__boot2_end__ - __boot2_start__) == 0x100), ERROR: Pico second stage bootloader must be 256 bytes in size)

.text           0x0000000010000100     0x54d8
                0x0000000010000100                __logical_binary_start = .
 *(.vectors)
 .vectors       0x0000000010000100       0xd4 CMakeFiles/my_project.dir/Users/wyatt/Dev/pico-sdk/src/rp2_common/pico_standard_link/crt0.S.obj
                0x0000000010000100                __VECTOR_TABLE
                0x0000000010000100                __vectors
                0x00000000100001c0                __default_isrs_start
                0x00000000100001c0                isr_invalid
                0x00000000100001c2                isr_nmi
                0x00000000100001c4                isr_hardfault
                0x00000000100001c6                isr_svcall
                0x00000000100001c8                isr_pendsv
                0x00000000100001ca                isr_systick
                0x00000000100001cc                isr_irq28
                0x00000000100001cc                isr_irq19
                0x00000000100001cc                isr_irq0
                0x00000000100001cc                isr_irq6
                0x00000000100001cc                isr_irq22
                0x00000000100001cc                isr_irq17
                0x00000000100001cc                isr_irq14
                0x00000000100001cc                isr_irq2
                0x00000000100001cc                isr_irq10
                0x00000000100001cc                isr_irq8
                0x00000000100001cc                isr_irq24
                0x00000000100001cc                isr_irq1
                0x00000000100001cc                isr_irq7
                0x00000000100001cc                isr_irq21
                0x00000000100001cc                isr_irq20
                0x00000000100001cc                isr_irq15
                0x00000000100001cc                isr_irq25
                0x00000000100001cc                isr_irq4
                0x00000000100001cc                isr_irq16
                0x00000000100001cc                isr_irq29
                0x00000000100001cc                isr_irq26
                0x00000000100001cc                __default_isrs_end
                0x00000000100001cc                isr_irq3
                0x00000000100001cc                isr_irq9
                0x00000000100001cc                __unhandled_user_irq
                0x00000000100001cc                isr_irq13
                0x00000000100001cc                isr_irq27
                0x00000000100001cc                isr_irq31
                0x00000000100001cc                isr_irq5
                0x00000000100001cc                isr_irq11
                0x00000000100001cc                isr_irq23
                0x00000000100001cc                isr_irq18
                0x00000000100001cc                isr_irq30
                0x00000000100001cc                isr_irq12
                0x00000000100001d2                unhandled_user_irq_num_in_r0
 *(.binary_info_header)
 .binary_info_header
                0x00000000100001d4       0x14 CMakeFiles/my_project.dir/Users/wyatt/Dev/pico-sdk/src/rp2_common/pico_standard_link/crt0.S.obj
                0x00000000100001e8                __binary_info_header_end = .
 *(.reset)
 .reset         0x00000000100001e8       0xa8 CMakeFiles/my_project.dir/Users/wyatt/Dev/pico-sdk/src/rp2_common/pico_standard_link/crt0.S.obj
                0x00000000100001e8                _entry_point
                0x0000000010000266                __get_current_exception
 .reset         0x0000000010000290       0x30 CMakeFiles/my_project.dir/Users/wyatt/Dev/pico-sdk/src/rp2_common/pico_standard_link/binary_info.c.obj
 *(.init)
 .init          0x00000000100002c0        0x4 /opt/homebrew/Cellar/arm-none-eabi-gcc/10.3-2021.07/gcc/bin/../lib/gcc/arm-none-eabi/10.3.1/thumb/v6-m/nofp/crti.o
                0x00000000100002c0                _init
 *(EXCLUDE_FILE(*libm.a: *libc.a:*lib_a-mem*.o *libgcc.a:) .text*)
 .text          0x00000000100002c4       0x48 /opt/homebrew/Cellar/arm-none-eabi-gcc/10.3-2021.07/gcc/bin/../lib/gcc/arm-none-eabi/10.3.1/thumb/v6-m/nofp/crtbegin.o
 .text._Z4initv
                0x000000001000030c        0x4 CMakeFiles/my_project.dir/main.cpp.obj
                0x000000001000030c                init()
 .text._Z6updatem
                0x0000000010000310        0x4 CMakeFiles/my_project.dir/main.cpp.obj
                0x0000000010000310                update(unsigned long)
 .text._Z4drawm
                0x0000000010000314        0x4 CMakeFiles/my_project.dir/main.cpp.obj
                0x0000000010000314                draw(unsigned long)
 .text.startup._GLOBAL__sub_I_virtualCamera
                0x0000000010000318       0x24 CMakeFiles/my_project.dir/main.cpp.obj
 .text.startup.main
                0x000000001000033c      0x164 CMakeFiles/my_project.dir/Users/wyatt/Dev/picosystem/libraries/picosystem.cpp.obj
                0x000000001000033c                main
 .text.startup._GLOBAL__sub_I__ZN10picosystem5statsE
                0x00000000100004a0       0x40 CMakeFiles/my_project.dir/Users/wyatt/Dev/picosystem/libraries/picosystem.cpp.obj
 .text._ZN10picosystem5ALPHAEPtllS0_m
                0x00000000100004e0      0x110 CMakeFiles/my_project.dir/Users/wyatt/Dev/picosystem/libraries/blend.cpp.obj
                0x00000000100004e0                picosystem::ALPHA(unsigned short*, long, long, unsigned short*, unsigned long)
 .text._ZN10picosystem12audio_sampleEm
                0x00000000100005f0      0x154 CMakeFiles/my_project.dir/Users/wyatt/Dev/picosystem/libraries/audio.cpp.obj
                0x00000000100005f0                picosystem::audio_sample(unsigned long)
 .text._ZN10picosystem13_update_audioEv
                0x0000000010000744      0x1b0 CMakeFiles/my_project.dir/Users/wyatt/Dev/picosystem/libraries/audio.cpp.obj
                0x0000000010000744                picosystem::_update_audio()
 .text._ZN10picosystem3penEv
                0x00000000100008f4       0x18 CMakeFiles/my_project.dir/Users/wyatt/Dev/picosystem/libraries/state.cpp.obj
                0x00000000100008f4                picosystem::pen()
 .text._ZN10picosystem5alphaEv
                0x000000001000090c        0xc CMakeFiles/my_project.dir/Users/wyatt/Dev/picosystem/libraries/state.cpp.obj
                0x000000001000090c                picosystem::alpha()
 .text._ZN10picosystem4clipEv
                0x0000000010000918       0x30 CMakeFiles/my_project.dir/Users/wyatt/Dev/picosystem/libraries/state.cpp.obj
                0x0000000010000918                picosystem::clip()
 .text._ZN10picosystem5blendEv
                0x0000000010000948       0x10 CMakeFiles/my_project.dir/Users/wyatt/Dev/picosystem/libraries/state.cpp.obj
                0x0000000010000948                picosystem::blend()
 .text._ZN10picosystem6targetEv
                0x0000000010000958       0x38 CMakeFiles/my_project.dir/Users/wyatt/Dev/picosystem/libraries/state.cpp.obj
                0x0000000010000958                picosystem::target()
 .text._ZN10picosystem6cameraEv
                0x0000000010000990       0x14 CMakeFiles/my_project.dir/Users/wyatt/Dev/picosystem/libraries/state.cpp.obj
                0x0000000010000990                picosystem::camera()
 .text._ZN10picosystem6cursorEv
                0x00000000100009a4       0x14 CMakeFiles/my_project.dir/Users/wyatt/Dev/picosystem/libraries/state.cpp.obj
                0x00000000100009a4                picosystem::cursor()
 .text._ZN10picosystem3rgbEhhhh
                0x00000000100009b8       0x20 CMakeFiles/my_project.dir/Users/wyatt/Dev/picosystem/libraries/utility.cpp.obj
                0x00000000100009b8                picosystem::rgb(unsigned char, unsigned char, unsigned char, unsigned char)
 .text._ZN10picosystem6bufferEmmPv
                0x00000000100009d8       0x3c CMakeFiles/my_project.dir/Users/wyatt/Dev/picosystem/libraries/utility.cpp.obj
                0x00000000100009d8                picosystem::buffer(unsigned long, unsigned long, void*)
 .text._ZN10picosystem22_audio_update_callbackEP15repeating_timer
                0x0000000010000a14        0xc CMakeFiles/my_project.dir/Users/wyatt/Dev/picosystem/libraries/hardware.cpp.obj
                0x0000000010000a14                picosystem::_audio_update_callback(repeating_timer*)
 .text._ZN10picosystem12dma_completeEv
                0x0000000010000a20       0xa8 CMakeFiles/my_project.dir/Users/wyatt/Dev/picosystem/libraries/hardware.cpp.obj
                0x0000000010000a20                picosystem::dma_complete()
 .text._ZN10picosystem7time_usEv
                0x0000000010000ac8        0x8 CMakeFiles/my_project.dir/Users/wyatt/Dev/picosystem/libraries/hardware.cpp.obj
                0x0000000010000ac8                picosystem::time_us()
 .text._ZN10picosystem11_wait_vsyncEv
                0x0000000010000ad0       0x20 CMakeFiles/my_project.dir/Users/wyatt/Dev/picosystem/libraries/hardware.cpp.obj
                0x0000000010000ad0                picosystem::_wait_vsync()
 .text._ZN10picosystem12_is_flippingEv
                0x0000000010000af0        0xc CMakeFiles/my_project.dir/Users/wyatt/Dev/picosystem/libraries/hardware.cpp.obj
                0x0000000010000af0                picosystem::_is_flipping()
 .text._ZN10picosystem5_flipEv
                0x0000000010000afc       0x70 CMakeFiles/my_project.dir/Users/wyatt/Dev/picosystem/libraries/hardware.cpp.obj
                0x0000000010000afc                picosystem::_flip()
 .text._ZN10picosystem19screen_program_initEP8pio_hw_tj
                0x0000000010000b6c      0x100 CMakeFiles/my_project.dir/Users/wyatt/Dev/picosystem/libraries/hardware.cpp.obj
                0x0000000010000b6c                picosystem::screen_program_init(pio_hw_t*, unsigned int)
 .text._ZN10picosystem9backlightEh
                0x0000000010000c6c       0x48 CMakeFiles/my_project.dir/Users/wyatt/Dev/picosystem/libraries/hardware.cpp.obj
                0x0000000010000c6c                picosystem::backlight(unsigned char)
 .text._ZN10picosystem10_play_noteEmm
                0x0000000010000cb4       0xc0 CMakeFiles/my_project.dir/Users/wyatt/Dev/picosystem/libraries/hardware.cpp.obj
                0x0000000010000cb4                picosystem::_play_note(unsigned long, unsigned long)
 .text._ZN10picosystem9_gpio_getEv
                0x0000000010000d74        0x8 CMakeFiles/my_project.dir/Users/wyatt/Dev/picosystem/libraries/hardware.cpp.obj
                0x0000000010000d74                picosystem::_gpio_get()
 .text._ZN10picosystem12_start_audioEv
                0x0000000010000d7c       0x30 CMakeFiles/my_project.dir/Users/wyatt/Dev/picosystem/libraries/hardware.cpp.obj
                0x0000000010000d7c                picosystem::_start_audio()
 .text._ZN10picosystem14_init_hardwareEv
                0x0000000010000dac      0x5b0 CMakeFiles/my_project.dir/Users/wyatt/Dev/picosystem/libraries/hardware.cpp.obj
                0x0000000010000dac                picosystem::_init_hardware()
 .text.set_sys_clock_pll
                0x000000001000135c       0x78 CMakeFiles/my_project.dir/Users/wyatt/Dev/pico-sdk/src/rp2_common/pico_stdlib/stdlib.c.obj
                0x000000001000135c                set_sys_clock_pll
 .text.check_sys_clock_khz
                0x00000000100013d4      0x178 CMakeFiles/my_project.dir/Users/wyatt/Dev/pico-sdk/src/rp2_common/pico_stdlib/stdlib.c.obj
                0x00000000100013d4                check_sys_clock_khz
 .text.gpio_set_function
                0x000000001000154c       0x30 CMakeFiles/my_project.dir/Users/wyatt/Dev/pico-sdk/src/rp2_common/hardware_gpio/gpio.c.obj
                0x000000001000154c                gpio_set_function
 .text.gpio_set_pulls
                0x000000001000157c       0x30 CMakeFiles/my_project.dir/Users/wyatt/Dev/pico-sdk/src/rp2_common/hardware_gpio/gpio.c.obj
                0x000000001000157c                gpio_set_pulls
 .text.gpio_set_input_enabled
                0x00000000100015ac       0x28 CMakeFiles/my_project.dir/Users/wyatt/Dev/pico-sdk/src/rp2_common/hardware_gpio/gpio.c.obj
                0x00000000100015ac                gpio_set_input_enabled
 .text.gpio_init
                0x00000000100015d4       0x3c CMakeFiles/my_project.dir/Users/wyatt/Dev/pico-sdk/src/rp2_common/hardware_gpio/gpio.c.obj
                0x00000000100015d4                gpio_init
 .text.hw_claim_lock
                0x0000000010001610       0x18 CMakeFiles/my_project.dir/Users/wyatt/Dev/pico-sdk/src/rp2_common/hardware_claim/claim.c.obj
                0x0000000010001610                hw_claim_lock
 .text.hw_claim_unlock
                0x0000000010001628       0x14 CMakeFiles/my_project.dir/Users/wyatt/Dev/pico-sdk/src/rp2_common/hardware_claim/claim.c.obj
                0x0000000010001628                hw_claim_unlock
 .text.hw_claim_or_assert
                0x000000001000163c       0x44 CMakeFiles/my_project.dir/Users/wyatt/Dev/pico-sdk/src/rp2_common/hardware_claim/claim.c.obj
                0x000000001000163c                hw_claim_or_assert
 .text.running_on_fpga
                0x0000000010001680       0x10 CMakeFiles/my_project.dir/Users/wyatt/Dev/pico-sdk/src/rp2_common/pico_platform/platform.c.obj
                0x0000000010001680                running_on_fpga
 .text.spin_locks_reset
                0x0000000010001690       0x1c CMakeFiles/my_project.dir/Users/wyatt/Dev/pico-sdk/src/rp2_common/hardware_sync/sync.c.obj
                0x0000000010001690                spin_locks_reset
 .text.next_striped_spin_lock_num
                0x00000000100016ac       0x18 CMakeFiles/my_project.dir/Users/wyatt/Dev/pico-sdk/src/rp2_common/hardware_sync/sync.c.obj
                0x00000000100016ac                next_striped_spin_lock_num
 .text.irq_set_enabled
                0x00000000100016c4       0x24 CMakeFiles/my_project.dir/Users/wyatt/Dev/pico-sdk/src/rp2_common/hardware_irq/irq.c.obj
                0x00000000100016c4                irq_set_enabled
 .text.irq_get_vtable_handler
                0x00000000100016e8       0x10 CMakeFiles/my_project.dir/Users/wyatt/Dev/pico-sdk/src/rp2_common/hardware_irq/irq.c.obj
                0x00000000100016e8                irq_get_vtable_handler
 .text.irq_set_exclusive_handler
                0x00000000100016f8       0x54 CMakeFiles/my_project.dir/Users/wyatt/Dev/pico-sdk/src/rp2_common/hardware_irq/irq.c.obj
                0x00000000100016f8                irq_set_exclusive_handler
 .text.irq_remove_handler
                0x000000001000174c      0x1b4 CMakeFiles/my_project.dir/Users/wyatt/Dev/pico-sdk/src/rp2_common/hardware_irq/irq.c.obj
                0x000000001000174c                irq_remove_handler
 .text.irq_add_tail_to_free_list
                0x0000000010001900       0xb4 CMakeFiles/my_project.dir/Users/wyatt/Dev/pico-sdk/src/rp2_common/hardware_irq/irq.c.obj
                0x0000000010001900                irq_add_tail_to_free_list
 .text.irq_init_priorities
                0x00000000100019b4       0x24 CMakeFiles/my_project.dir/Users/wyatt/Dev/pico-sdk/src/rp2_common/hardware_irq/irq.c.obj
                0x00000000100019b4                irq_init_priorities
 .text.lock_init
                0x00000000100019d8       0x10 CMakeFiles/my_project.dir/Users/wyatt/Dev/pico-sdk/src/common/pico_sync/lock_core.c.obj
                0x00000000100019d8                lock_init
 .text.timer_pool_entry_comparator
                0x00000000100019e8       0x34 CMakeFiles/my_project.dir/Users/wyatt/Dev/pico-sdk/src/common/pico_time/time.c.obj
                0x00000000100019e8                timer_pool_entry_comparator
 .text.repeating_timer_callback
                0x0000000010001a1c       0x1c CMakeFiles/my_project.dir/Users/wyatt/Dev/pico-sdk/src/common/pico_time/time.c.obj
 .text.sleep_until_callback
                0x0000000010001a38       0x30 CMakeFiles/my_project.dir/Users/wyatt/Dev/pico-sdk/src/common/pico_time/time.c.obj
 .text.add_alarm_under_lock.isra.0
                0x0000000010001a68      0x100 CMakeFiles/my_project.dir/Users/wyatt/Dev/pico-sdk/src/common/pico_time/time.c.obj
 .text.alarm_pool_alarm_callback
                0x0000000010001b68      0x1c8 CMakeFiles/my_project.dir/Users/wyatt/Dev/pico-sdk/src/common/pico_time/time.c.obj
 .text.alarm_pool_add_alarm_at.constprop.0
                0x0000000010001d30      0x11c CMakeFiles/my_project.dir/Users/wyatt/Dev/pico-sdk/src/common/pico_time/time.c.obj
 .text.alarm_pool_init_default
                0x0000000010001e4c       0x64 CMakeFiles/my_project.dir/Users/wyatt/Dev/pico-sdk/src/common/pico_time/time.c.obj
                0x0000000010001e4c                alarm_pool_init_default
 .text.alarm_pool_get_default
                0x0000000010001eb0        0x8 CMakeFiles/my_project.dir/Users/wyatt/Dev/pico-sdk/src/common/pico_time/time.c.obj
                0x0000000010001eb0                alarm_pool_get_default
 .text.alarm_pool_add_repeating_timer_us
                0x0000000010001eb8      0x22c CMakeFiles/my_project.dir/Users/wyatt/Dev/pico-sdk/src/common/pico_time/time.c.obj
                0x0000000010001eb8                alarm_pool_add_repeating_timer_us
 .text.sleep_until
                0x00000000100020e4       0xac CMakeFiles/my_project.dir/Users/wyatt/Dev/pico-sdk/src/common/pico_time/time.c.obj
                0x00000000100020e4                sleep_until
 .text.sleep_ms
                0x0000000010002190       0x38 CMakeFiles/my_project.dir/Users/wyatt/Dev/pico-sdk/src/common/pico_time/time.c.obj
                0x0000000010002190                sleep_ms
 .text.hardware_alarm_irq_handler
                0x00000000100021c8       0xb8 CMakeFiles/my_project.dir/Users/wyatt/Dev/pico-sdk/src/rp2_common/hardware_timer/timer.c.obj
 .text.hardware_alarm_claim
                0x0000000010002280       0x18 CMakeFiles/my_project.dir/Users/wyatt/Dev/pico-sdk/src/rp2_common/hardware_timer/timer.c.obj
                0x0000000010002280                hardware_alarm_claim
 .text.time_us_64
                0x0000000010002298       0x14 CMakeFiles/my_project.dir/Users/wyatt/Dev/pico-sdk/src/rp2_common/hardware_timer/timer.c.obj
                0x0000000010002298                time_us_64
 .text.busy_wait_until
                0x00000000100022ac       0x20 CMakeFiles/my_project.dir/Users/wyatt/Dev/pico-sdk/src/rp2_common/hardware_timer/timer.c.obj
                0x00000000100022ac                busy_wait_until
 .text.hardware_alarm_set_callback
                0x00000000100022cc       0x8c CMakeFiles/my_project.dir/Users/wyatt/Dev/pico-sdk/src/rp2_common/hardware_timer/timer.c.obj
                0x00000000100022cc                hardware_alarm_set_callback
 .text.hardware_alarm_set_target
                0x0000000010002358       0xe0 CMakeFiles/my_project.dir/Users/wyatt/Dev/pico-sdk/src/rp2_common/hardware_timer/timer.c.obj
                0x0000000010002358                hardware_alarm_set_target
 .text.hardware_alarm_cancel
                0x0000000010002438       0x3c CMakeFiles/my_project.dir/Users/wyatt/Dev/pico-sdk/src/rp2_common/hardware_timer/timer.c.obj
                0x0000000010002438                hardware_alarm_cancel
 .text.ph_merge_nodes
                0x0000000010002474       0x68 CMakeFiles/my_project.dir/Users/wyatt/Dev/pico-sdk/src/common/pico_util/pheap.c.obj
 .text.ph_post_alloc_init
                0x00000000100024dc       0x3c CMakeFiles/my_project.dir/Users/wyatt/Dev/pico-sdk/src/common/pico_util/pheap.c.obj
                0x00000000100024dc                ph_post_alloc_init
 .text.ph_merge_two_pass
                0x0000000010002518       0x90 CMakeFiles/my_project.dir/Users/wyatt/Dev/pico-sdk/src/common/pico_util/pheap.c.obj
                0x0000000010002518                ph_merge_two_pass
 .text.ph_remove_any_head
                0x00000000100025a8       0xf8 CMakeFiles/my_project.dir/Users/wyatt/Dev/pico-sdk/src/common/pico_util/pheap.c.obj
 .text.ph_remove_head
                0x00000000100026a0       0xfc CMakeFiles/my_project.dir/Users/wyatt/Dev/pico-sdk/src/common/pico_util/pheap.c.obj
                0x00000000100026a0                ph_remove_head
 .text.ph_remove_and_free_node
                0x000000001000279c       0x7c CMakeFiles/my_project.dir/Users/wyatt/Dev/pico-sdk/src/common/pico_util/pheap.c.obj
                0x000000001000279c                ph_remove_and_free_node
 .text.mutex_init
                0x0000000010002818       0x1c CMakeFiles/my_project.dir/Users/wyatt/Dev/pico-sdk/src/common/pico_sync/mutex.c.obj
                0x0000000010002818                mutex_init
 .text.recursive_mutex_init
                0x0000000010002834       0x1c CMakeFiles/my_project.dir/Users/wyatt/Dev/pico-sdk/src/common/pico_sync/mutex.c.obj
                0x0000000010002834                recursive_mutex_init
 .text.runtime_init
                0x0000000010002850       0xf0 CMakeFiles/my_project.dir/Users/wyatt/Dev/pico-sdk/src/rp2_common/pico_runtime/runtime.c.obj
                0x0000000010002850                runtime_init
 .text._sbrk    0x0000000010002940       0x34 CMakeFiles/my_project.dir/Users/wyatt/Dev/pico-sdk/src/rp2_common/pico_runtime/runtime.c.obj
                0x0000000010002940                _sbrk
 .text.exit     0x0000000010002974        0x4 CMakeFiles/my_project.dir/Users/wyatt/Dev/pico-sdk/src/rp2_common/pico_runtime/runtime.c.obj
                0x0000000010002974                exit
 .text.panic    0x0000000010002978       0x30 CMakeFiles/my_project.dir/Users/wyatt/Dev/pico-sdk/src/rp2_common/pico_runtime/runtime.c.obj
                0x0000000010002978                panic
 .text.hard_assertion_failure
                0x00000000100029a8        0xc CMakeFiles/my_project.dir/Users/wyatt/Dev/pico-sdk/src/rp2_common/pico_runtime/runtime.c.obj
                0x00000000100029a8                hard_assertion_failure
 .text.clock_configure
                0x00000000100029b4      0x114 CMakeFiles/my_project.dir/Users/wyatt/Dev/pico-sdk/src/rp2_common/hardware_clocks/clocks.c.obj
                0x00000000100029b4                clock_configure
 .text.clocks_init
                0x0000000010002ac8      0x2bc CMakeFiles/my_project.dir/Users/wyatt/Dev/pico-sdk/src/rp2_common/hardware_clocks/clocks.c.obj
                0x0000000010002ac8                clocks_init
 .text.clock_get_hz
                0x0000000010002d84        0xc CMakeFiles/my_project.dir/Users/wyatt/Dev/pico-sdk/src/rp2_common/hardware_clocks/clocks.c.obj
                0x0000000010002d84                clock_get_hz
 .text.pll_init
                0x0000000010002d90       0xb0 CMakeFiles/my_project.dir/Users/wyatt/Dev/pico-sdk/src/rp2_common/hardware_pll/pll.c.obj
                0x0000000010002d90                pll_init
 .text.vreg_set_voltage
                0x0000000010002e40       0x1c CMakeFiles/my_project.dir/Users/wyatt/Dev/pico-sdk/src/rp2_common/hardware_vreg/vreg.c.obj
                0x0000000010002e40                vreg_set_voltage
 .text.watchdog_start_tick
                0x0000000010002e5c       0x10 CMakeFiles/my_project.dir/Users/wyatt/Dev/pico-sdk/src/rp2_common/hardware_watchdog/watchdog.c.obj
                0x0000000010002e5c                watchdog_start_tick
 .text.xosc_init
                0x0000000010002e6c       0x28 CMakeFiles/my_project.dir/Users/wyatt/Dev/pico-sdk/src/rp2_common/hardware_xosc/xosc.c.obj
                0x0000000010002e6c                xosc_init
 .text._out_char
                0x0000000010002e94       0x10 CMakeFiles/my_project.dir/Users/wyatt/Dev/pico-sdk/src/rp2_common/pico_printf/printf.c.obj
 .text.weak_raw_vprintf
                0x0000000010002ea4       0x30 CMakeFiles/my_project.dir/Users/wyatt/Dev/pico-sdk/src/rp2_common/pico_printf/printf.c.obj
                0x0000000010002ea4                weak_raw_vprintf
 .text          0x0000000010002ed4       0x10 CMakeFiles/my_project.dir/Users/wyatt/Dev/pico-sdk/src/rp2_common/pico_bit_ops/bit_ops_aeabi.S.obj
 .text.ctzsi    0x0000000010002ee4        0xc CMakeFiles/my_project.dir/Users/wyatt/Dev/pico-sdk/src/rp2_common/pico_bit_ops/bit_ops_aeabi.S.obj
                0x0000000010002ee4                __wrap___ctzsi2
 .text.rom_func_lookup
                0x0000000010002ef0       0x10 CMakeFiles/my_project.dir/Users/wyatt/Dev/pico-sdk/src/rp2_common/pico_bootrom/bootrom.c.obj
                0x0000000010002ef0                rom_func_lookup
 .text.rom_data_lookup
                0x0000000010002f00       0x10 CMakeFiles/my_project.dir/Users/wyatt/Dev/pico-sdk/src/rp2_common/pico_bootrom/bootrom.c.obj
                0x0000000010002f00                rom_data_lookup
 .text.rom_funcs_lookup
                0x0000000010002f10       0x44 CMakeFiles/my_project.dir/Users/wyatt/Dev/pico-sdk/src/rp2_common/pico_bootrom/bootrom.c.obj
                0x0000000010002f10                rom_funcs_lookup
 .text.__wrap___aeabi_uidiv
                0x0000000010002f54       0x4c CMakeFiles/my_project.dir/Users/wyatt/Dev/pico-sdk/src/rp2_common/pico_divider/divider.S.obj
                0x0000000010002f54                __wrap___aeabi_uidiv
                0x0000000010002f54                __wrap___aeabi_uidivmod
                0x0000000010002f54                div_u32u32
                0x0000000010002f54                divmod_u32u32
                0x0000000010002f5c                divmod_u32u32_unsafe
                0x0000000010002f84                divmod_u32u32_savestate
 .text.__wrap___aeabi_ldiv
                0x0000000010002fa0      0x434 CMakeFiles/my_project.dir/Users/wyatt/Dev/pico-sdk/src/rp2_common/pico_divider/divider.S.obj
                0x0000000010002fa0                __wrap___aeabi_ldivmod
                0x0000000010002fa0                div_s64s64
                0x0000000010002fa0                divmod_s64s64
                0x0000000010002fd8                divmod_u64u64
                0x0000000010002fd8                div_u64u64
                0x0000000010002fd8                __wrap___aeabi_uldivmod
                0x0000000010002fe8                divmod_u64u64_savestate
                0x0000000010003010                divmod_s64s64_unsafe
                0x0000000010003098                divmod_u64u64_unsafe
 .text.__wrap___aeabi_darithmetic
                0x00000000100033d4       0x80 CMakeFiles/my_project.dir/Users/wyatt/Dev/pico-sdk/src/rp2_common/pico_double/double_aeabi.S.obj
                0x00000000100033d4                __wrap___aeabi_drsub
                0x00000000100033da                __wrap___aeabi_dsub
                0x00000000100033ec                __wrap___aeabi_dadd
                0x00000000100033fe                __wrap___aeabi_ddiv
                0x000000001000343a                __wrap___aeabi_dmul
 .text.__wrap___aeabi_d2f
                0x0000000010003454       0x18 CMakeFiles/my_project.dir/Users/wyatt/Dev/pico-sdk/src/rp2_common/pico_double/double_aeabi.S.obj
                0x0000000010003454                __wrap___aeabi_d2f
 .text.__wrap_exp
                0x000000001000346c       0x18 CMakeFiles/my_project.dir/Users/wyatt/Dev/pico-sdk/src/rp2_common/pico_double/double_aeabi.S.obj
                0x000000001000346c                __wrap_exp
 .text.__wrap_log
                0x0000000010003484       0x18 CMakeFiles/my_project.dir/Users/wyatt/Dev/pico-sdk/src/rp2_common/pico_double/double_aeabi.S.obj
                0x0000000010003484                __wrap_log
 .text.__aeabi_double_init
                0x000000001000349c       0x94 CMakeFiles/my_project.dir/Users/wyatt/Dev/pico-sdk/src/rp2_common/pico_double/double_init_rom.c.obj
                0x000000001000349c                __aeabi_double_init
 .text.double_table_shim_on_use_helper
                0x0000000010003530       0x2c CMakeFiles/my_project.dir/Users/wyatt/Dev/pico-sdk/src/rp2_common/pico_double/double_v1_rom_shim.S.obj
                0x0000000010003530                double_table_shim_on_use_helper
 .text.__wrap___aeabi_dsub
                0x000000001000355c       0x10 CMakeFiles/my_project.dir/Users/wyatt/Dev/pico-sdk/src/rp2_common/pico_double/double_v1_rom_shim.S.obj
                0x000000001000355c                drsub_shim
                0x0000000010003562                dsub_shim
 .text.dadd_shim
                0x000000001000356c      0x15c CMakeFiles/my_project.dir/Users/wyatt/Dev/pico-sdk/src/rp2_common/pico_double/double_v1_rom_shim.S.obj
                0x000000001000356c                dadd_shim
 .text.dmul_shim
                0x00000000100036c8      0x15c CMakeFiles/my_project.dir/Users/wyatt/Dev/pico-sdk/src/rp2_common/pico_double/double_v1_rom_shim.S.obj
                0x00000000100036c8                dmul_shim
 .text.ddiv_shim
                0x0000000010003824      0x1b0 CMakeFiles/my_project.dir/Users/wyatt/Dev/pico-sdk/src/rp2_common/pico_double/double_v1_rom_shim.S.obj
                0x0000000010003824                ddiv_shim
 .text.double2float_shim
                0x00000000100039d4       0x5c CMakeFiles/my_project.dir/Users/wyatt/Dev/pico-sdk/src/rp2_common/pico_double/double_v1_rom_shim.S.obj
                0x00000000100039d4                double2float_shim
 .text.x2double_shims
                0x0000000010003a30       0x90 CMakeFiles/my_project.dir/Users/wyatt/Dev/pico-sdk/src/rp2_common/pico_double/double_v1_rom_shim.S.obj
                0x0000000010003a30                uint2double_shim
                0x0000000010003a32                ufix2double_shim
                0x0000000010003a38                int2double_shim
                0x0000000010003a3a                fix2double_shim
                0x0000000010003a40                uint642double_shim
                0x0000000010003a42                ufix642double_shim
                0x0000000010003a48                int642double_shim
                0x0000000010003a4a                fix642double_shim
 .text.dunpacks
                0x0000000010003ac0       0x3c CMakeFiles/my_project.dir/Users/wyatt/Dev/pico-sdk/src/rp2_common/pico_double/double_v1_rom_shim.S.obj
                0x0000000010003ac0                dunpacks
 .text.dreduce  0x0000000010003afc       0x82 CMakeFiles/my_project.dir/Users/wyatt/Dev/pico-sdk/src/rp2_common/pico_double/double_v1_rom_shim.S.obj
                0x0000000010003afc                dreduce
 *fill*         0x0000000010003b7e        0x2 
 .text.dexp_guts
                0x0000000010003b80      0x268 CMakeFiles/my_project.dir/Users/wyatt/Dev/pico-sdk/src/rp2_common/pico_double/double_v1_rom_shim.S.obj
                0x0000000010003b80                dexp_shim
                0x0000000010003c1c                dln_shim
 .text.__aeabi_lmul
                0x0000000010003de8       0x32 CMakeFiles/my_project.dir/Users/wyatt/Dev/pico-sdk/src/rp2_common/pico_int64_ops/pico_int64_ops_aeabi.S.obj
                0x0000000010003de8                __wrap___aeabi_lmul
 *fill*         0x0000000010003e1a        0x2 
 .text.__wrap___aeabi_farithmetic
                0x0000000010003e1c       0x48 CMakeFiles/my_project.dir/Users/wyatt/Dev/pico-sdk/src/rp2_common/pico_float/float_aeabi.S.obj
                0x0000000010003e1c                __wrap___aeabi_frsub
                0x0000000010003e22                __wrap___aeabi_fsub
                0x0000000010003e28                __wrap___aeabi_fadd
                0x0000000010003e2e                __wrap___aeabi_fdiv
                0x0000000010003e56                __wrap___aeabi_fmul
 .text.__wrap___aeabi_cfcmple
                0x0000000010003e64       0x50 CMakeFiles/my_project.dir/Users/wyatt/Dev/pico-sdk/src/rp2_common/pico_float/float_aeabi.S.obj
                0x0000000010003e64                __wrap___aeabi_cfrcmple
                0x0000000010003e70                __wrap___aeabi_cfcmpeq
                0x0000000010003e70                __wrap___aeabi_cfcmple
 .text.__wrap___aeabi_fcmpeq
                0x0000000010003eb4       0x10 CMakeFiles/my_project.dir/Users/wyatt/Dev/pico-sdk/src/rp2_common/pico_float/float_aeabi.S.obj
                0x0000000010003eb4                __wrap___aeabi_fcmpeq
 .text.__wrap___aeabi_ui2f
                0x0000000010003ec4        0xa CMakeFiles/my_project.dir/Users/wyatt/Dev/pico-sdk/src/rp2_common/pico_float/float_aeabi.S.obj
                0x0000000010003ec4                __wrap___aeabi_ui2f
 *fill*         0x0000000010003ece        0x2 
 .text.__wrap___aeabi_i2f
                0x0000000010003ed0       0x44 CMakeFiles/my_project.dir/Users/wyatt/Dev/pico-sdk/src/rp2_common/pico_float/float_aeabi.S.obj
                0x0000000010003ed0                __wrap___aeabi_i2f
 .text.__wrap___aeabi_f2iz
                0x0000000010003f14       0x4e CMakeFiles/my_project.dir/Users/wyatt/Dev/pico-sdk/src/rp2_common/pico_float/float_aeabi.S.obj
                0x0000000010003f14                __wrap___aeabi_f2iz
                0x0000000010003f14                float2int_z
 *fill*         0x0000000010003f62        0x2 
 .text.float2int
                0x0000000010003f64       0x14 CMakeFiles/my_project.dir/Users/wyatt/Dev/pico-sdk/src/rp2_common/pico_float/float_aeabi.S.obj
                0x0000000010003f64                float2int
 .text.__wrap___aeabi_f2uiz
                0x0000000010003f78        0xc CMakeFiles/my_project.dir/Users/wyatt/Dev/pico-sdk/src/rp2_common/pico_float/float_aeabi.S.obj
                0x0000000010003f78                __wrap___aeabi_f2uiz
 .text.fix2float
                0x0000000010003f84        0xc CMakeFiles/my_project.dir/Users/wyatt/Dev/pico-sdk/src/rp2_common/pico_float/float_aeabi.S.obj
                0x0000000010003f84                fix2float
 .text.__wrap___aeabi_f2d
                0x0000000010003f90       0x14 CMakeFiles/my_project.dir/Users/wyatt/Dev/pico-sdk/src/rp2_common/pico_float/float_aeabi.S.obj
                0x0000000010003f90                __wrap___aeabi_f2d
 .text.__wrap_sinf
                0x0000000010003fa4       0x24 CMakeFiles/my_project.dir/Users/wyatt/Dev/pico-sdk/src/rp2_common/pico_float/float_aeabi.S.obj
                0x0000000010003fa4                __wrap_sinf
 .text.__aeabi_float_init
                0x0000000010003fc8       0x64 CMakeFiles/my_project.dir/Users/wyatt/Dev/pico-sdk/src/rp2_common/pico_float/float_init_rom.c.obj
                0x0000000010003fc8                __aeabi_float_init
 .text.fpow_int2
                0x000000001000402c       0xd4 CMakeFiles/my_project.dir/Users/wyatt/Dev/pico-sdk/src/rp2_common/pico_float/float_math.c.obj
 .text.fpow_0   0x0000000010004100       0xf8 CMakeFiles/my_project.dir/Users/wyatt/Dev/pico-sdk/src/rp2_common/pico_float/float_math.c.obj
 .text.__wrap_powf
                0x00000000100041f8      0x1ac CMakeFiles/my_project.dir/Users/wyatt/Dev/pico-sdk/src/rp2_common/pico_float/float_math.c.obj
                0x00000000100041f8                __wrap_powf
 .text.__wrap_remquof
                0x00000000100043a4      0x14c CMakeFiles/my_project.dir/Users/wyatt/Dev/pico-sdk/src/rp2_common/pico_float/float_math.c.obj
                0x00000000100043a4                __wrap_remquof
 .text.__wrap_remainderf
                0x00000000100044f0        0xc CMakeFiles/my_project.dir/Users/wyatt/Dev/pico-sdk/src/rp2_common/pico_float/float_math.c.obj
                0x00000000100044f0                __wrap_remainderf
 .text.float_table_shim_on_use_helper
                0x00000000100044fc       0x2c CMakeFiles/my_project.dir/Users/wyatt/Dev/pico-sdk/src/rp2_common/pico_float/float_v1_rom_shim.S.obj
                0x00000000100044fc                float_table_shim_on_use_helper
 .text.float232_shims
                0x0000000010004528       0x18 CMakeFiles/my_project.dir/Users/wyatt/Dev/pico-sdk/src/rp2_common/pico_float/float_v1_rom_shim.S.obj
                0x0000000010004528                float2int_shim
                0x000000001000452a                float2fix_shim
 .text.float2double_shim
                0x0000000010004540       0x30 CMakeFiles/my_project.dir/Users/wyatt/Dev/pico-sdk/src/rp2_common/pico_float/float_v1_rom_shim.S.obj
                0x0000000010004540                float2double_shim
 .text.__wrap_malloc
                0x0000000010004570       0x24 CMakeFiles/my_project.dir/Users/wyatt/Dev/pico-sdk/src/rp2_common/pico_malloc/pico_malloc.c.obj
                0x0000000010004570                __wrap_malloc
 .text          0x0000000010004594       0x10 CMakeFiles/my_project.dir/Users/wyatt/Dev/pico-sdk/src/rp2_common/pico_mem_ops/mem_ops_aeabi.S.obj
                0x0000000010004594                __aeabi_mem_init
 .text.memcpy   0x00000000100045a4        0xc CMakeFiles/my_project.dir/Users/wyatt/Dev/pico-sdk/src/rp2_common/pico_mem_ops/mem_ops_aeabi.S.obj
                0x00000000100045a4                __wrap___aeabi_memcpy
                0x00000000100045a4                __wrap_memcpy
 .text._Znwj    0x00000000100045b0        0x8 CMakeFiles/my_project.dir/Users/wyatt/Dev/pico-sdk/src/rp2_common/pico_standard_link/new_delete.cpp.obj
                0x00000000100045b0                operator new(unsigned int)
 .text._Znaj    0x00000000100045b8        0x8 CMakeFiles/my_project.dir/Users/wyatt/Dev/pico-sdk/src/rp2_common/pico_standard_link/new_delete.cpp.obj
                0x00000000100045b8                operator new[](unsigned int)
 .text.stdio_out_chars_no_crlf
                0x00000000100045c0       0x10 CMakeFiles/my_project.dir/Users/wyatt/Dev/pico-sdk/src/rp2_common/pico_stdio/stdio.c.obj
 .text.stdio_out_chars_crlf
                0x00000000100045d0       0xb4 CMakeFiles/my_project.dir/Users/wyatt/Dev/pico-sdk/src/rp2_common/pico_stdio/stdio.c.obj
 .text.stdio_put_string.isra.0
                0x0000000010004684       0xfc CMakeFiles/my_project.dir/Users/wyatt/Dev/pico-sdk/src/rp2_common/pico_stdio/stdio.c.obj
 .text.__wrap_putchar
                0x0000000010004780       0xa0 CMakeFiles/my_project.dir/Users/wyatt/Dev/pico-sdk/src/rp2_common/pico_stdio/stdio.c.obj
                0x0000000010004780                __wrap_putchar
 .text.__wrap_puts
                0x0000000010004820       0x3c CMakeFiles/my_project.dir/Users/wyatt/Dev/pico-sdk/src/rp2_common/pico_stdio/stdio.c.obj
                0x0000000010004820                __wrap_puts
 .text.pio_add_program
                0x000000001000485c       0xc8 CMakeFiles/my_project.dir/Users/wyatt/Dev/pico-sdk/src/rp2_common/hardware_pio/pio.c.obj
                0x000000001000485c                pio_add_program
 .text.pio_sm_set_pins_with_mask
                0x0000000010004924       0x84 CMakeFiles/my_project.dir/Users/wyatt/Dev/pico-sdk/src/rp2_common/hardware_pio/pio.c.obj
                0x0000000010004924                pio_sm_set_pins_with_mask
 .text.pio_sm_set_pindirs_with_mask
                0x00000000100049a8       0x88 CMakeFiles/my_project.dir/Users/wyatt/Dev/pico-sdk/src/rp2_common/hardware_pio/pio.c.obj
                0x00000000100049a8                pio_sm_set_pindirs_with_mask
 .text.pio_sm_set_consecutive_pindirs
                0x0000000010004a30       0x84 CMakeFiles/my_project.dir/Users/wyatt/Dev/pico-sdk/src/rp2_common/hardware_pio/pio.c.obj
                0x0000000010004a30                pio_sm_set_consecutive_pindirs
 .text.pio_sm_init
                0x0000000010004ab4       0x90 CMakeFiles/my_project.dir/Users/wyatt/Dev/pico-sdk/src/rp2_common/hardware_pio/pio.c.obj
                0x0000000010004ab4                pio_sm_init
 .text.spi_init
                0x0000000010004b44       0xf8 CMakeFiles/my_project.dir/Users/wyatt/Dev/pico-sdk/src/rp2_common/hardware_spi/spi.c.obj
                0x0000000010004b44                spi_init
 .text.adc_init
                0x0000000010004c3c       0x38 CMakeFiles/my_project.dir/Users/wyatt/Dev/pico-sdk/src/rp2_common/hardware_adc/adc.c.obj
                0x0000000010004c3c                adc_init
 .text.startup._GLOBAL__sub_I__ZN9__gnu_cxx9__freeresEv
                0x0000000010004c74       0x2c /opt/homebrew/Cellar/arm-none-eabi-gcc/10.3-2021.07/gcc/bin/../lib/gcc/arm-none-eabi/10.3.1/../../../../arm-none-eabi/lib/thumb/v6-m/nofp/libstdc++.a(eh_alloc.o)
 .text.__retarget_lock_acquire_recursive
                0x0000000010004ca0        0x4 /opt/homebrew/Cellar/arm-none-eabi-gcc/10.3-2021.07/gcc/bin/../lib/gcc/arm-none-eabi/10.3.1/../../../../arm-none-eabi/lib/thumb/v6-m/nofp/libc.a(lib_a-lock.o)
                0x0000000010004ca0                __retarget_lock_acquire_recursive
 .text.__retarget_lock_release_recursive
                0x0000000010004ca4        0x4 /opt/homebrew/Cellar/arm-none-eabi-gcc/10.3-2021.07/gcc/bin/../lib/gcc/arm-none-eabi/10.3.1/../../../../arm-none-eabi/lib/thumb/v6-m/nofp/libc.a(lib_a-lock.o)
                0x0000000010004ca4                __retarget_lock_release_recursive
 .text.malloc   0x0000000010004ca8       0x14 /opt/homebrew/Cellar/arm-none-eabi-gcc/10.3-2021.07/gcc/bin/../lib/gcc/arm-none-eabi/10.3.1/../../../../arm-none-eabi/lib/thumb/v6-m/nofp/libc.a(lib_a-malloc.o)
                0x0000000010004ca8                malloc
 .text._malloc_r
                0x0000000010004cbc      0x584 /opt/homebrew/Cellar/arm-none-eabi-gcc/10.3-2021.07/gcc/bin/../lib/gcc/arm-none-eabi/10.3.1/../../../../arm-none-eabi/lib/thumb/v6-m/nofp/libc.a(lib_a-mallocr.o)
                0x0000000010004cbc                _malloc_r
 .text.__malloc_lock
                0x0000000010005240       0x10 /opt/homebrew/Cellar/arm-none-eabi-gcc/10.3-2021.07/gcc/bin/../lib/gcc/arm-none-eabi/10.3.1/../../../../arm-none-eabi/lib/thumb/v6-m/nofp/libc.a(lib_a-mlock.o)
                0x0000000010005240                __malloc_lock
 .text.__malloc_unlock
                0x0000000010005250       0x10 /opt/homebrew/Cellar/arm-none-eabi-gcc/10.3-2021.07/gcc/bin/../lib/gcc/arm-none-eabi/10.3.1/../../../../arm-none-eabi/lib/thumb/v6-m/nofp/libc.a(lib_a-mlock.o)
                0x0000000010005250                __malloc_unlock
 .text.rand     0x0000000010005260       0x34 /opt/homebrew/Cellar/arm-none-eabi-gcc/10.3-2021.07/gcc/bin/../lib/gcc/arm-none-eabi/10.3.1/../../../../arm-none-eabi/lib/thumb/v6-m/nofp/libc.a(lib_a-rand.o)
                0x0000000010005260                rand
 .text._sbrk_r  0x0000000010005294       0x24 /opt/homebrew/Cellar/arm-none-eabi-gcc/10.3-2021.07/gcc/bin/../lib/gcc/arm-none-eabi/10.3.1/../../../../arm-none-eabi/lib/thumb/v6-m/nofp/libc.a(lib_a-sbrkr.o)
                0x0000000010005294                _sbrk_r
 .text.strlen   0x00000000100052b8       0x5c /opt/homebrew/Cellar/arm-none-eabi-gcc/10.3-2021.07/gcc/bin/../lib/gcc/arm-none-eabi/10.3.1/../../../../arm-none-eabi/lib/thumb/v6-m/nofp/libc.a(lib_a-strlen-stub.o)
                0x00000000100052b8                strlen
 .text._malloc_trim_r
                0x0000000010005314       0x9c /opt/homebrew/Cellar/arm-none-eabi-gcc/10.3-2021.07/gcc/bin/../lib/gcc/arm-none-eabi/10.3.1/../../../../arm-none-eabi/lib/thumb/v6-m/nofp/libc.a(lib_a-freer.o)
                0x0000000010005314                _malloc_trim_r
 .text._free_r  0x00000000100053b0      0x1c4 /opt/homebrew/Cellar/arm-none-eabi-gcc/10.3-2021.07/gcc/bin/../lib/gcc/arm-none-eabi/10.3.1/../../../../arm-none-eabi/lib/thumb/v6-m/nofp/libc.a(lib_a-freer.o)
                0x00000000100053b0                _free_r
 *(.fini)
 .fini          0x0000000010005574        0x4 /opt/homebrew/Cellar/arm-none-eabi-gcc/10.3-2021.07/gcc/bin/../lib/gcc/arm-none-eabi/10.3.1/thumb/v6-m/nofp/crti.o
                0x0000000010005574                _fini
 .fini.__stub   0x0000000010005578       0x60 linker stubs
 *crtbegin.o(.ctors)
 *crtbegin?.o(.ctors)
 *(EXCLUDE_FILE(*crtend.o *crtend?.o) .ctors)
 *(SORT_BY_NAME(.ctors.*))
 *(.ctors)
 *crtbegin.o(.dtors)
 *crtbegin?.o(.dtors)
 *(EXCLUDE_FILE(*crtend.o *crtend?.o) .dtors)
 *(SORT_BY_NAME(.dtors.*))
 *(.dtors)
 *(.eh_frame*)
 .eh_frame      0x00000000100055d8        0x0 /opt/homebrew/Cellar/arm-none-eabi-gcc/10.3-2021.07/gcc/bin/../lib/gcc/arm-none-eabi/10.3.1/thumb/v6-m/nofp/crtbegin.o
                0x00000000100055d8                . = ALIGN (0x4)

.glue_7         0x00000000100055d8        0x0
 .glue_7        0x00000000100055d8        0x0 linker stubs

.glue_7t        0x00000000100055d8        0x0
 .glue_7t       0x00000000100055d8        0x0 linker stubs

.vfp11_veneer   0x00000000100055d8        0x0
 .vfp11_veneer  0x00000000100055d8        0x0 linker stubs

.v4_bx          0x00000000100055d8        0x0
 .v4_bx         0x00000000100055d8        0x0 linker stubs

.iplt           0x00000000100055d8        0x0
 .iplt          0x00000000100055d8        0x0 /opt/homebrew/Cellar/arm-none-eabi-gcc/10.3-2021.07/gcc/bin/../lib/gcc/arm-none-eabi/10.3.1/thumb/v6-m/nofp/crtbegin.o

.rodata         0x00000000100055d8     0xb610
 *(EXCLUDE_FILE(*libm.a: *libc.a:*lib_a-mem*.o *libgcc.a:) .rodata*)
 .rodata._ZN10picosystemL16logo_buffer_dataE
                0x00000000100055d8     0x3480 CMakeFiles/my_project.dir/main.cpp.obj
 .rodata._ZN10picosystem14_init_hardwareEv.str1.4
                0x0000000010008a58       0x7b CMakeFiles/my_project.dir/Users/wyatt/Dev/picosystem/libraries/hardware.cpp.obj
 *fill*         0x0000000010008ad3        0x1 
 .rodata        0x0000000010008ad4       0x11 CMakeFiles/my_project.dir/Users/wyatt/Dev/picosystem/libraries/hardware.cpp.obj
 *fill*         0x0000000010008ae5        0x3 
 .rodata._ZL21screen_double_program
                0x0000000010008ae8        0x6 CMakeFiles/my_project.dir/Users/wyatt/Dev/picosystem/libraries/hardware.cpp.obj
 *fill*         0x0000000010008aee        0x2 
 .rodata._ZL34screen_double_program_instructions
                0x0000000010008af0       0x26 CMakeFiles/my_project.dir/Users/wyatt/Dev/picosystem/libraries/hardware.cpp.obj
 *fill*         0x0000000010008b16        0x2 
 .rodata._ZN10picosystem21_default_sprite_sheetE
                0x0000000010008b18     0x8000 CMakeFiles/my_project.dir/Users/wyatt/Dev/picosystem/libraries/assets.cpp.obj
                0x0000000010008b18                picosystem::_default_sprite_sheet
 .rodata.hardware_alarm_claim.str1.4
                0x0000000010010b18       0x22 CMakeFiles/my_project.dir/Users/wyatt/Dev/pico-sdk/src/rp2_common/hardware_timer/timer.c.obj
 *fill*         0x0000000010010b3a        0x2 
 .rodata.panic.str1.4
                0x0000000010010b3c       0x12 CMakeFiles/my_project.dir/Users/wyatt/Dev/pico-sdk/src/rp2_common/pico_runtime/runtime.c.obj
 *fill*         0x0000000010010b4e        0x2 
 .rodata.hard_assertion_failure.str1.4
                0x0000000010010b50        0xc CMakeFiles/my_project.dir/Users/wyatt/Dev/pico-sdk/src/rp2_common/pico_runtime/runtime.c.obj
 .rodata.__wrap_malloc.str1.4
                0x0000000010010b5c        0xe CMakeFiles/my_project.dir/Users/wyatt/Dev/pico-sdk/src/rp2_common/pico_malloc/pico_malloc.c.obj
 *fill*         0x0000000010010b6a        0x2 
 .rodata.str1.4
                0x0000000010010b6c       0x40 CMakeFiles/my_project.dir/Users/wyatt/Dev/pico-sdk/src/rp2_common/pico_standard_link/binary_info.c.obj
 .rodata.__bi_44
                0x0000000010010bac        0xc CMakeFiles/my_project.dir/Users/wyatt/Dev/pico-sdk/src/rp2_common/pico_standard_link/binary_info.c.obj
 .rodata.__bi_75
                0x0000000010010bb8        0xc CMakeFiles/my_project.dir/Users/wyatt/Dev/pico-sdk/src/rp2_common/pico_standard_link/binary_info.c.obj
 .rodata.__bi_81
                0x0000000010010bc4        0xc CMakeFiles/my_project.dir/Users/wyatt/Dev/pico-sdk/src/rp2_common/pico_standard_link/binary_info.c.obj
 .rodata.crlf_str.0
                0x0000000010010bd0        0x2 CMakeFiles/my_project.dir/Users/wyatt/Dev/pico-sdk/src/rp2_common/pico_stdio/stdio.c.obj
 *fill*         0x0000000010010bd2        0x2 
 .rodata.pio_add_program.str1.4
                0x0000000010010bd4       0x11 CMakeFiles/my_project.dir/Users/wyatt/Dev/pico-sdk/src/rp2_common/hardware_pio/pio.c.obj
                0x0000000010010be8                . = ALIGN (0x4)
 *fill*         0x0000000010010be5        0x3 
 *(SORT_BY_ALIGNMENT(SORT_BY_NAME(.flashdata*)))
                0x0000000010010be8                . = ALIGN (0x4)

.ARM.extab
 *(.ARM.extab* .gnu.linkonce.armextab.*)
                0x0000000010010be8                __exidx_start = .

.ARM.exidx      0x0000000010010be8        0x8
 *(.ARM.exidx* .gnu.linkonce.armexidx.*)
 .ARM.exidx.text.startup._GLOBAL__sub_I__ZN9__gnu_cxx9__freeresEv
                0x0000000010010be8        0x8 /opt/homebrew/Cellar/arm-none-eabi-gcc/10.3-2021.07/gcc/bin/../lib/gcc/arm-none-eabi/10.3.1/../../../../arm-none-eabi/lib/thumb/v6-m/nofp/libstdc++.a(eh_alloc.o)
                0x0000000010010bf0                __exidx_end = .

.rel.dyn        0x0000000010010bf0        0x0
 .rel.iplt      0x0000000010010bf0        0x0 /opt/homebrew/Cellar/arm-none-eabi-gcc/10.3-2021.07/gcc/bin/../lib/gcc/arm-none-eabi/10.3.1/thumb/v6-m/nofp/crtbegin.o
                0x0000000010010bf0                . = ALIGN (0x4)
                0x0000000010010bf0                __binary_info_start = .

.binary_info    0x0000000010010bf0       0x1c
 *(.binary_info.keep.*)
 .binary_info.keep.__bi_ptr22
                0x0000000010010bf0        0x4 CMakeFiles/my_project.dir/Users/wyatt/Dev/pico-sdk/src/rp2_common/pico_standard_link/binary_info.c.obj
 .binary_info.keep.__bi_ptr30
                0x0000000010010bf4        0x4 CMakeFiles/my_project.dir/Users/wyatt/Dev/pico-sdk/src/rp2_common/pico_standard_link/binary_info.c.obj
 .binary_info.keep.__bi_ptr38
                0x0000000010010bf8        0x4 CMakeFiles/my_project.dir/Users/wyatt/Dev/pico-sdk/src/rp2_common/pico_standard_link/binary_info.c.obj
 .binary_info.keep.__bi_ptr44
                0x0000000010010bfc        0x4 CMakeFiles/my_project.dir/Users/wyatt/Dev/pico-sdk/src/rp2_common/pico_standard_link/binary_info.c.obj
 .binary_info.keep.__bi_ptr50
                0x0000000010010c00        0x4 CMakeFiles/my_project.dir/Users/wyatt/Dev/pico-sdk/src/rp2_common/pico_standard_link/binary_info.c.obj
 .binary_info.keep.__bi_ptr75
                0x0000000010010c04        0x4 CMakeFiles/my_project.dir/Users/wyatt/Dev/pico-sdk/src/rp2_common/pico_standard_link/binary_info.c.obj
 .binary_info.keep.__bi_ptr81
                0x0000000010010c08        0x4 CMakeFiles/my_project.dir/Users/wyatt/Dev/pico-sdk/src/rp2_common/pico_standard_link/binary_info.c.obj
 *(.binary_info.*)
                0x0000000010010c0c                __binary_info_end = .
                0x0000000010010c0c                . = ALIGN (0x4)
                0x0000000010010c0c                __etext = .

.ram_vector_table
                0x0000000020000000       0xc0
 *(.ram_vector_table)
 .ram_vector_table
                0x0000000020000000       0xc0 CMakeFiles/my_project.dir/Users/wyatt/Dev/pico-sdk/src/rp2_common/pico_runtime/runtime.c.obj
                0x0000000020000000                ram_vector_table

.data           0x00000000200000c0      0xa28 load address 0x0000000010010c0c
                0x00000000200000c0                __data_start__ = .
 *(vtable)
 *(.time_critical*)
 .time_critical.mutex_enter_blocking
                0x00000000200000c0       0x48 CMakeFiles/my_project.dir/Users/wyatt/Dev/pico-sdk/src/common/pico_sync/mutex.c.obj
                0x00000000200000c0                mutex_enter_blocking
 .time_critical.mutex_try_enter
                0x0000000020000108       0x44 CMakeFiles/my_project.dir/Users/wyatt/Dev/pico-sdk/src/common/pico_sync/mutex.c.obj
                0x0000000020000108                mutex_try_enter
 .time_critical.mutex_exit
                0x000000002000014c       0x28 CMakeFiles/my_project.dir/Users/wyatt/Dev/pico-sdk/src/common/pico_sync/mutex.c.obj
                0x000000002000014c                mutex_exit
 .time_critical.spi_write_blocking
                0x0000000020000174       0x4c CMakeFiles/my_project.dir/Users/wyatt/Dev/pico-sdk/src/rp2_common/hardware_spi/spi.c.obj
                0x0000000020000174                spi_write_blocking
 *(.text*)
 .text          0x00000000200001c0        0x4 /opt/homebrew/Cellar/arm-none-eabi-gcc/10.3-2021.07/gcc/bin/../lib/gcc/arm-none-eabi/10.3.1/thumb/v6-m/nofp/libgcc.a(_dvmd_tls.o)
                0x00000000200001c0                __aeabi_ldiv0
                0x00000000200001c0                __aeabi_idiv0
                0x00000000200001c4                . = ALIGN (0x4)
 *(.rodata*)
                0x00000000200001c4                . = ALIGN (0x4)
 *(.data*)
 .data._ZN10picosystem2_aE
                0x00000000200001c4        0x1 CMakeFiles/my_project.dir/Users/wyatt/Dev/picosystem/libraries/picosystem.cpp.obj
                0x00000000200001c4                picosystem::_a
 *fill*         0x00000000200001c5        0x3 
 .data._ZN10picosystem3_bfE
                0x00000000200001c8        0x4 CMakeFiles/my_project.dir/Users/wyatt/Dev/picosystem/libraries/picosystem.cpp.obj
                0x00000000200001c8                picosystem::_bf
 .data._ZN10picosystem3_chE
                0x00000000200001cc        0x4 CMakeFiles/my_project.dir/Users/wyatt/Dev/picosystem/libraries/picosystem.cpp.obj
                0x00000000200001cc                picosystem::_ch
 .data._ZN10picosystem3_cwE
                0x00000000200001d0        0x4 CMakeFiles/my_project.dir/Users/wyatt/Dev/picosystem/libraries/picosystem.cpp.obj
                0x00000000200001d0                picosystem::_cw
 .data._ZN10picosystem7_volumeE
                0x00000000200001d4        0x4 CMakeFiles/my_project.dir/Users/wyatt/Dev/picosystem/libraries/audio.cpp.obj
                0x00000000200001d4                picosystem::_volume
 .data._ZN10picosystem10screen_pioE
                0x00000000200001d8        0x4 CMakeFiles/my_project.dir/Users/wyatt/Dev/picosystem/libraries/hardware.cpp.obj
                0x00000000200001d8                picosystem::screen_pio
 .data._ZN10picosystem12dma_scanlineE
                0x00000000200001dc        0x2 CMakeFiles/my_project.dir/Users/wyatt/Dev/picosystem/libraries/hardware.cpp.obj
                0x00000000200001dc                picosystem::dma_scanline
 *fill*         0x00000000200001de        0x2 
 .data._ZN10picosystem15_audio_pwm_wrapE
                0x00000000200001e0        0x4 CMakeFiles/my_project.dir/Users/wyatt/Dev/picosystem/libraries/hardware.cpp.obj
                0x00000000200001e0                picosystem::_audio_pwm_wrap
 .data.striped_spin_lock_num
                0x00000000200001e4        0x1 CMakeFiles/my_project.dir/Users/wyatt/Dev/pico-sdk/src/rp2_common/hardware_sync/sync.c.obj
 *fill*         0x00000000200001e5        0x3 
 .data          0x00000000200001e8       0x48 CMakeFiles/my_project.dir/Users/wyatt/Dev/pico-sdk/src/rp2_common/hardware_irq/irq_handler_chain.S.obj
                0x00000000200001e8                irq_handler_chain_slots
                0x0000000020000218                irq_handler_chain_first_slot
                0x0000000020000222                irq_handler_chain_remove_tail
 .data.default_alarm_pool
                0x0000000020000230       0x18 CMakeFiles/my_project.dir/Users/wyatt/Dev/pico-sdk/src/common/pico_time/time.c.obj
 .data.default_alarm_pool_heap
                0x0000000020000248       0x10 CMakeFiles/my_project.dir/Users/wyatt/Dev/pico-sdk/src/common/pico_time/time.c.obj
 *fill*         0x0000000020000258        0x8 
 .data.aeabi_bits_funcs
                0x0000000020000260       0x10 CMakeFiles/my_project.dir/Users/wyatt/Dev/pico-sdk/src/rp2_common/pico_bit_ops/bit_ops_aeabi.S.obj
                0x0000000020000260                aeabi_bits_funcs
                0x0000000020000270                aeabi_bits_funcs_end
 .data.aeabi_mem_funcs
                0x0000000020000270       0x10 CMakeFiles/my_project.dir/Users/wyatt/Dev/pico-sdk/src/rp2_common/pico_mem_ops/mem_ops_aeabi.S.obj
                0x0000000020000270                aeabi_mem_funcs
                0x0000000020000280                aeabi_mem_funcs_end
 .data._impure_ptr
                0x0000000020000280        0x4 /opt/homebrew/Cellar/arm-none-eabi-gcc/10.3-2021.07/gcc/bin/../lib/gcc/arm-none-eabi/10.3.1/../../../../arm-none-eabi/lib/thumb/v6-m/nofp/libc.a(lib_a-impure.o)
                0x0000000020000280                _impure_ptr
 *fill*         0x0000000020000284        0x4 
 .data.impure_data
                0x0000000020000288      0x428 /opt/homebrew/Cellar/arm-none-eabi-gcc/10.3-2021.07/gcc/bin/../lib/gcc/arm-none-eabi/10.3.1/../../../../arm-none-eabi/lib/thumb/v6-m/nofp/libc.a(lib_a-impure.o)
 .data.__malloc_av_
                0x00000000200006b0      0x408 /opt/homebrew/Cellar/arm-none-eabi-gcc/10.3-2021.07/gcc/bin/../lib/gcc/arm-none-eabi/10.3.1/../../../../arm-none-eabi/lib/thumb/v6-m/nofp/libc.a(lib_a-mallocr.o)
                0x00000000200006b0                __malloc_av_
 .data.__malloc_sbrk_base
                0x0000000020000ab8        0x4 /opt/homebrew/Cellar/arm-none-eabi-gcc/10.3-2021.07/gcc/bin/../lib/gcc/arm-none-eabi/10.3.1/../../../../arm-none-eabi/lib/thumb/v6-m/nofp/libc.a(lib_a-mallocr.o)
                0x0000000020000ab8                __malloc_sbrk_base
 .data.__malloc_trim_threshold
                0x0000000020000abc        0x4 /opt/homebrew/Cellar/arm-none-eabi-gcc/10.3-2021.07/gcc/bin/../lib/gcc/arm-none-eabi/10.3.1/../../../../arm-none-eabi/lib/thumb/v6-m/nofp/libc.a(lib_a-mallocr.o)
                0x0000000020000abc                __malloc_trim_threshold
                0x0000000020000ac0                . = ALIGN (0x4)
 *(.after_data.*)
                0x0000000020000ac0                . = ALIGN (0x4)
                0x0000000020000ac0                PROVIDE (__mutex_array_start = .)
 *(SORT_BY_NAME(.mutex_array.*))
 *(.mutex_array)
 .mutex_array   0x0000000020000ac0        0x8 CMakeFiles/my_project.dir/Users/wyatt/Dev/pico-sdk/src/rp2_common/pico_stdio/stdio.c.obj
                0x0000000020000ac8                PROVIDE (__mutex_array_end = .)
                0x0000000020000ac8                . = ALIGN (0x4)
                0x0000000020000ac8                PROVIDE (__preinit_array_start = .)
 *(SORT_BY_NAME(.preinit_array.*))
 .preinit_array.00001
                0x0000000020000ac8        0x4 CMakeFiles/my_project.dir/Users/wyatt/Dev/pico-sdk/src/rp2_common/pico_mem_ops/mem_ops_aeabi.S.obj
 .preinit_array.00010
                0x0000000020000acc        0x4 CMakeFiles/my_project.dir/Users/wyatt/Dev/pico-sdk/src/rp2_common/pico_bit_ops/bit_ops_aeabi.S.obj
 .preinit_array.00020
                0x0000000020000ad0        0x4 CMakeFiles/my_project.dir/Users/wyatt/Dev/pico-sdk/src/rp2_common/pico_double/double_aeabi.S.obj
 .preinit_array.00020
                0x0000000020000ad4        0x4 CMakeFiles/my_project.dir/Users/wyatt/Dev/pico-sdk/src/rp2_common/pico_float/float_aeabi.S.obj
 *(.preinit_array)
                0x0000000020000ad8                PROVIDE (__preinit_array_end = .)
                0x0000000020000ad8                . = ALIGN (0x4)
                0x0000000020000ad8                PROVIDE (__init_array_start = .)
 *(SORT_BY_NAME(.init_array.*))
 *(.init_array)
 .init_array    0x0000000020000ad8        0x4 /opt/homebrew/Cellar/arm-none-eabi-gcc/10.3-2021.07/gcc/bin/../lib/gcc/arm-none-eabi/10.3.1/thumb/v6-m/nofp/crtbegin.o
 .init_array    0x0000000020000adc        0x4 CMakeFiles/my_project.dir/main.cpp.obj
 .init_array    0x0000000020000ae0        0x4 CMakeFiles/my_project.dir/Users/wyatt/Dev/picosystem/libraries/picosystem.cpp.obj
 .init_array    0x0000000020000ae4        0x4 /opt/homebrew/Cellar/arm-none-eabi-gcc/10.3-2021.07/gcc/bin/../lib/gcc/arm-none-eabi/10.3.1/../../../../arm-none-eabi/lib/thumb/v6-m/nofp/libstdc++.a(eh_alloc.o)
                0x0000000020000ae8                PROVIDE (__init_array_end = .)
                0x0000000020000ae8                . = ALIGN (0x4)
                [!provide]                        PROVIDE (__fini_array_start = .)
 *(SORT_BY_NAME(.fini_array.*))
 *(.fini_array)
                [!provide]                        PROVIDE (__fini_array_end = .)
 *(.jcr)
                0x0000000020000ae8                . = ALIGN (0x4)
                0x0000000020000ae8                __data_end__ = .

.igot.plt       0x0000000020000ae8        0x0 load address 0x0000000010011634
 .igot.plt      0x0000000020000ae8        0x0 /opt/homebrew/Cellar/arm-none-eabi-gcc/10.3-2021.07/gcc/bin/../lib/gcc/arm-none-eabi/10.3.1/thumb/v6-m/nofp/crtbegin.o

.uninitialized_data
                0x0000000020000ae8        0x0 load address 0x0000000010011634
                0x0000000020000ae8                . = ALIGN (0x4)
 *(.uninitialized_data*)

.scratch_x      0x0000000020040000        0x0 load address 0x0000000010011634
                0x0000000020040000                __scratch_x_start__ = .
 *(.scratch_x.*)
                0x0000000020040000                . = ALIGN (0x4)
                0x0000000020040000                __scratch_x_end__ = .
                0x0000000010011634                __scratch_x_source__ = LOADADDR (.scratch_x)

.scratch_y      0x0000000020041000        0x0 load address 0x0000000010011634
                0x0000000020041000                __scratch_y_start__ = .
 *(.scratch_y.*)
                0x0000000020041000                . = ALIGN (0x4)
                0x0000000020041000                __scratch_y_end__ = .
                0x0000000010011634                __scratch_y_source__ = LOADADDR (.scratch_y)

.bss            0x0000000020000ae8     0x794c
                0x0000000020000ae8                . = ALIGN (0x4)
                0x0000000020000ae8                __bss_start__ = .
 *(SORT_BY_ALIGNMENT(SORT_BY_NAME(.bss*)))
 .bss._ZN10picosystem19_audio_update_timerE
                0x0000000020000ae8       0x18 CMakeFiles/my_project.dir/Users/wyatt/Dev/picosystem/libraries/hardware.cpp.obj
                0x0000000020000ae8                picosystem::_audio_update_timer
 .bss.default_alarm_pool_entries
                0x0000000020000b00      0x100 CMakeFiles/my_project.dir/Users/wyatt/Dev/pico-sdk/src/common/pico_time/time.c.obj
 .bss.sd_table  0x0000000020000c00      0x100 CMakeFiles/my_project.dir/Users/wyatt/Dev/pico-sdk/src/rp2_common/pico_double/double_init_rom.c.obj
                0x0000000020000c00                sd_table
 .bss.sf_table  0x0000000020000d00      0x100 CMakeFiles/my_project.dir/Users/wyatt/Dev/pico-sdk/src/rp2_common/pico_float/float_init_rom.c.obj
                0x0000000020000d00                sf_table
 .bss           0x0000000020000e00       0x1c /opt/homebrew/Cellar/arm-none-eabi-gcc/10.3-2021.07/gcc/bin/../lib/gcc/arm-none-eabi/10.3.1/thumb/v6-m/nofp/crtbegin.o
 .bss._ZN10picosystem10_frequencyE
                0x0000000020000e1c        0x4 CMakeFiles/my_project.dir/Users/wyatt/Dev/picosystem/libraries/audio.cpp.obj
                0x0000000020000e1c                picosystem::_frequency
 .bss._ZN10picosystem11LOGO_BUFFERE
                0x0000000020000e20        0x4 CMakeFiles/my_project.dir/main.cpp.obj
                0x0000000020000e20                picosystem::LOGO_BUFFER
 .bss._ZN10picosystem11SPRITESHEETE
                0x0000000020000e24        0x4 CMakeFiles/my_project.dir/Users/wyatt/Dev/picosystem/libraries/picosystem.cpp.obj
                0x0000000020000e24                picosystem::SPRITESHEET
 .bss._ZN10picosystem11dma_channelE
                0x0000000020000e28        0x4 CMakeFiles/my_project.dir/Users/wyatt/Dev/picosystem/libraries/hardware.cpp.obj
                0x0000000020000e28                picosystem::dma_channel
 .bss._ZN10picosystem11logo_bufferE
                0x0000000020000e2c        0x4 CMakeFiles/my_project.dir/main.cpp.obj
                0x0000000020000e2c                picosystem::logo_buffer
 .bss._ZN10picosystem16_start_frequencyE
                0x0000000020000e30        0x4 CMakeFiles/my_project.dir/Users/wyatt/Dev/picosystem/libraries/audio.cpp.obj
                0x0000000020000e30                picosystem::_start_frequency
 .bss._ZN10picosystem3_cxE
                0x0000000020000e34        0x4 CMakeFiles/my_project.dir/Users/wyatt/Dev/picosystem/libraries/picosystem.cpp.obj
                0x0000000020000e34                picosystem::_cx
 .bss._ZN10picosystem3_cyE
                0x0000000020000e38        0x4 CMakeFiles/my_project.dir/Users/wyatt/Dev/picosystem/libraries/picosystem.cpp.obj
                0x0000000020000e38                picosystem::_cy
 .bss._ZN10picosystem3_dtE
                0x0000000020000e3c        0x4 CMakeFiles/my_project.dir/Users/wyatt/Dev/picosystem/libraries/picosystem.cpp.obj
                0x0000000020000e3c                picosystem::_dt
 .bss._ZN10picosystem3_fbE
                0x0000000020000e40     0x7080 CMakeFiles/my_project.dir/Users/wyatt/Dev/picosystem/libraries/picosystem.cpp.obj
                0x0000000020000e40                picosystem::_fb
 .bss._ZN10picosystem3_ioE
                0x0000000020007ec0        0x4 CMakeFiles/my_project.dir/Users/wyatt/Dev/picosystem/libraries/picosystem.cpp.obj
                0x0000000020007ec0                picosystem::_io
 .bss._ZN10picosystem3_msE
                0x0000000020007ec4        0x4 CMakeFiles/my_project.dir/Users/wyatt/Dev/picosystem/libraries/audio.cpp.obj
                0x0000000020007ec4                picosystem::_ms
 .bss._ZN10picosystem3_ssE
                0x0000000020007ec8        0x4 CMakeFiles/my_project.dir/Users/wyatt/Dev/picosystem/libraries/picosystem.cpp.obj
                0x0000000020007ec8                picosystem::_ss
 .bss._ZN10picosystem3_txE
                0x0000000020007ecc        0x4 CMakeFiles/my_project.dir/Users/wyatt/Dev/picosystem/libraries/picosystem.cpp.obj
                0x0000000020007ecc                picosystem::_tx
 .bss._ZN10picosystem3_tyE
                0x0000000020007ed0        0x4 CMakeFiles/my_project.dir/Users/wyatt/Dev/picosystem/libraries/picosystem.cpp.obj
                0x0000000020007ed0                picosystem::_ty
 .bss._ZN10picosystem4_lioE
                0x0000000020007ed4        0x4 CMakeFiles/my_project.dir/Users/wyatt/Dev/picosystem/libraries/picosystem.cpp.obj
                0x0000000020007ed4                picosystem::_lio
 .bss._ZN10picosystem5_camxE
                0x0000000020007ed8        0x4 CMakeFiles/my_project.dir/Users/wyatt/Dev/picosystem/libraries/picosystem.cpp.obj
                0x0000000020007ed8                picosystem::_camx
 .bss._ZN10picosystem5_camyE
                0x0000000020007edc        0x4 CMakeFiles/my_project.dir/Users/wyatt/Dev/picosystem/libraries/picosystem.cpp.obj
                0x0000000020007edc                picosystem::_camy
 .bss._ZN10picosystem5statsE
                0x0000000020007ee0       0x18 CMakeFiles/my_project.dir/Users/wyatt/Dev/picosystem/libraries/picosystem.cpp.obj
                0x0000000020007ee0                picosystem::stats
 .bss._ZN10picosystem6SCREENE
                0x0000000020007ef8        0x4 CMakeFiles/my_project.dir/Users/wyatt/Dev/picosystem/libraries/picosystem.cpp.obj
                0x0000000020007ef8                picosystem::SCREEN
 .bss._ZN10picosystem6_voiceE
                0x0000000020007efc       0x24 CMakeFiles/my_project.dir/Users/wyatt/Dev/picosystem/libraries/audio.cpp.obj
                0x0000000020007efc                picosystem::_voice
 .bss._ZN10picosystem9_durationE
                0x0000000020007f20        0x4 CMakeFiles/my_project.dir/Users/wyatt/Dev/picosystem/libraries/audio.cpp.obj
                0x0000000020007f20                picosystem::_duration
 .bss._ZN10picosystem9_fsin_lutE
                0x0000000020007f24      0x400 CMakeFiles/my_project.dir/Users/wyatt/Dev/picosystem/libraries/utility.cpp.obj
                0x0000000020007f24                picosystem::_fsin_lut
 .bss._ZN10picosystem9screen_smE
                0x0000000020008324        0x4 CMakeFiles/my_project.dir/Users/wyatt/Dev/picosystem/libraries/hardware.cpp.obj
                0x0000000020008324                picosystem::screen_sm
 .bss._ZN12_GLOBAL__N_114emergency_poolE
                0x0000000020008328       0x10 /opt/homebrew/Cellar/arm-none-eabi-gcc/10.3-2021.07/gcc/bin/../lib/gcc/arm-none-eabi/10.3.1/../../../../arm-none-eabi/lib/thumb/v6-m/nofp/libstdc++.a(eh_alloc.o)
 .bss.__lock___malloc_recursive_mutex
                0x0000000020008338        0x1 /opt/homebrew/Cellar/arm-none-eabi-gcc/10.3-2021.07/gcc/bin/../lib/gcc/arm-none-eabi/10.3.1/../../../../arm-none-eabi/lib/thumb/v6-m/nofp/libc.a(lib_a-lock.o)
                0x0000000020008338                __lock___malloc_recursive_mutex
 *fill*         0x0000000020008339        0x3 
 .bss.__malloc_current_mallinfo
                0x000000002000833c       0x28 /opt/homebrew/Cellar/arm-none-eabi-gcc/10.3-2021.07/gcc/bin/../lib/gcc/arm-none-eabi/10.3.1/../../../../arm-none-eabi/lib/thumb/v6-m/nofp/libc.a(lib_a-mallocr.o)
                0x000000002000833c                __malloc_current_mallinfo
 .bss.__malloc_max_sbrked_mem
                0x0000000020008364        0x4 /opt/homebrew/Cellar/arm-none-eabi-gcc/10.3-2021.07/gcc/bin/../lib/gcc/arm-none-eabi/10.3.1/../../../../arm-none-eabi/lib/thumb/v6-m/nofp/libc.a(lib_a-mallocr.o)
                0x0000000020008364                __malloc_max_sbrked_mem
 .bss.__malloc_max_total_mem
                0x0000000020008368        0x4 /opt/homebrew/Cellar/arm-none-eabi-gcc/10.3-2021.07/gcc/bin/../lib/gcc/arm-none-eabi/10.3.1/../../../../arm-none-eabi/lib/thumb/v6-m/nofp/libc.a(lib_a-mallocr.o)
                0x0000000020008368                __malloc_max_total_mem
 .bss.__malloc_top_pad
                0x000000002000836c        0x4 /opt/homebrew/Cellar/arm-none-eabi-gcc/10.3-2021.07/gcc/bin/../lib/gcc/arm-none-eabi/10.3.1/../../../../arm-none-eabi/lib/thumb/v6-m/nofp/libc.a(lib_a-mallocr.o)
                0x000000002000836c                __malloc_top_pad
 .bss._used_instruction_space
                0x0000000020008370        0x8 CMakeFiles/my_project.dir/Users/wyatt/Dev/pico-sdk/src/rp2_common/hardware_pio/pio.c.obj
 .bss.alarm_callbacks
                0x0000000020008378       0x10 CMakeFiles/my_project.dir/Users/wyatt/Dev/pico-sdk/src/rp2_common/hardware_timer/timer.c.obj
 .bss.configured_freq
                0x0000000020008388       0x28 CMakeFiles/my_project.dir/Users/wyatt/Dev/pico-sdk/src/rp2_common/hardware_clocks/clocks.c.obj
 .bss.default_alarm_pool_entry_ids_high
                0x00000000200083b0       0x10 CMakeFiles/my_project.dir/Users/wyatt/Dev/pico-sdk/src/common/pico_time/time.c.obj
 .bss.default_alarm_pool_heap_nodes
                0x00000000200083c0       0x30 CMakeFiles/my_project.dir/Users/wyatt/Dev/pico-sdk/src/common/pico_time/time.c.obj
 .bss.drivers   0x00000000200083f0        0x4 CMakeFiles/my_project.dir/Users/wyatt/Dev/pico-sdk/src/rp2_common/pico_stdio/stdio.c.obj
 .bss.errno     0x00000000200083f4        0x4 /opt/homebrew/Cellar/arm-none-eabi-gcc/10.3-2021.07/gcc/bin/../lib/gcc/arm-none-eabi/10.3.1/../../../../arm-none-eabi/lib/thumb/v6-m/nofp/libc.a(lib_a-reent.o)
                0x00000000200083f4                errno
 .bss.filter    0x00000000200083f8        0x4 CMakeFiles/my_project.dir/Users/wyatt/Dev/pico-sdk/src/rp2_common/pico_stdio/stdio.c.obj
 .bss.heap_end.0
                0x00000000200083fc        0x4 CMakeFiles/my_project.dir/Users/wyatt/Dev/pico-sdk/src/rp2_common/pico_runtime/runtime.c.obj
 .bss.lazy_vsnprintf
                0x0000000020008400        0x4 CMakeFiles/my_project.dir/Users/wyatt/Dev/pico-sdk/src/rp2_common/pico_printf/printf.c.obj
 .bss.pools     0x0000000020008404       0x10 CMakeFiles/my_project.dir/Users/wyatt/Dev/pico-sdk/src/common/pico_time/time.c.obj
 .bss.sf_clz_func
                0x0000000020008414        0x4 CMakeFiles/my_project.dir/Users/wyatt/Dev/pico-sdk/src/rp2_common/pico_double/double_init_rom.c.obj
                0x0000000020008414                sf_clz_func
 .bss.sleep_notifier
                0x0000000020008418        0x4 CMakeFiles/my_project.dir/Users/wyatt/Dev/pico-sdk/src/common/pico_time/time.c.obj
 .bss.target_hi
                0x000000002000841c       0x10 CMakeFiles/my_project.dir/Users/wyatt/Dev/pico-sdk/src/rp2_common/hardware_timer/timer.c.obj
 .bss._ZN10picosystem4_penE
                0x000000002000842c        0x2 CMakeFiles/my_project.dir/Users/wyatt/Dev/picosystem/libraries/picosystem.cpp.obj
                0x000000002000842c                picosystem::_pen
 .bss._ZN10picosystem8_in_flipE
                0x000000002000842e        0x1 CMakeFiles/my_project.dir/Users/wyatt/Dev/picosystem/libraries/hardware.cpp.obj
                0x000000002000842e                picosystem::_in_flip
 .bss.claimed   0x000000002000842f        0x1 CMakeFiles/my_project.dir/Users/wyatt/Dev/pico-sdk/src/rp2_common/hardware_timer/timer.c.obj
 .bss.irq_hander_chain_free_slot_head
                0x0000000020008430        0x1 CMakeFiles/my_project.dir/Users/wyatt/Dev/pico-sdk/src/rp2_common/hardware_irq/irq.c.obj
 .bss.timer_callbacks_pending
                0x0000000020008431        0x1 CMakeFiles/my_project.dir/Users/wyatt/Dev/pico-sdk/src/rp2_common/hardware_timer/timer.c.obj
 *(COMMON)
                0x0000000020008434                . = ALIGN (0x4)
 *fill*         0x0000000020008432        0x2 
                0x0000000020008434                __bss_end__ = .

.heap           0x0000000020008434      0x800
                0x0000000020008434                __end__ = .
                0x0000000020008434                end = __end__
 *(.heap*)
 .heap          0x0000000020008434      0x800 CMakeFiles/my_project.dir/Users/wyatt/Dev/pico-sdk/src/rp2_common/pico_standard_link/crt0.S.obj
                0x0000000020008c34                __HeapLimit = .

.stack1_dummy   0x0000000020040000        0x0
 *(.stack1*)

.stack_dummy    0x0000000020041000      0x800
 *(.stack*)
 .stack         0x0000000020041000      0x800 CMakeFiles/my_project.dir/Users/wyatt/Dev/pico-sdk/src/rp2_common/pico_standard_link/crt0.S.obj

.flash_end      0x0000000010011634        0x0
                0x0000000010011634                __flash_binary_end = .
                0x0000000020040000                __StackLimit = (ORIGIN (RAM) + LENGTH (RAM))
                0x0000000020041000                __StackOneTop = (ORIGIN (SCRATCH_X) + LENGTH (SCRATCH_X))
                0x0000000020042000                __StackTop = (ORIGIN (SCRATCH_Y) + LENGTH (SCRATCH_Y))
                0x0000000020041000                __StackOneBottom = (__StackOneTop - SIZEOF (.stack1_dummy))
                0x0000000020041800                __StackBottom = (__StackTop - SIZEOF (.stack_dummy))
                0x0000000020042000                PROVIDE (__stack = __StackTop)
                0x0000000000000001                ASSERT ((__StackLimit >= __HeapLimit), region RAM overflowed)
                0x0000000000000001                ASSERT (((__binary_info_header_end - __logical_binary_start) <= 0x100), Binary info must be in first 256 bytes of the binary)
LOAD CMakeFiles/my_project.dir/main.cpp.obj
LOAD CMakeFiles/my_project.dir/Users/wyatt/Dev/picosystem/libraries/picosystem.cpp.obj
LOAD CMakeFiles/my_project.dir/Users/wyatt/Dev/picosystem/libraries/blend.cpp.obj
LOAD CMakeFiles/my_project.dir/Users/wyatt/Dev/picosystem/libraries/audio.cpp.obj
LOAD CMakeFiles/my_project.dir/Users/wyatt/Dev/picosystem/libraries/state.cpp.obj
LOAD CMakeFiles/my_project.dir/Users/wyatt/Dev/picosystem/libraries/primitives.cpp.obj
LOAD CMakeFiles/my_project.dir/Users/wyatt/Dev/picosystem/libraries/text.cpp.obj
LOAD CMakeFiles/my_project.dir/Users/wyatt/Dev/picosystem/libraries/utility.cpp.obj
LOAD CMakeFiles/my_project.dir/Users/wyatt/Dev/picosystem/libraries/hardware.cpp.obj
LOAD CMakeFiles/my_project.dir/Users/wyatt/Dev/picosystem/libraries/assets.cpp.obj
LOAD CMakeFiles/my_project.dir/Users/wyatt/Dev/pico-sdk/src/rp2_common/pico_stdlib/stdlib.c.obj
LOAD CMakeFiles/my_project.dir/Users/wyatt/Dev/pico-sdk/src/rp2_common/hardware_gpio/gpio.c.obj
LOAD CMakeFiles/my_project.dir/Users/wyatt/Dev/pico-sdk/src/rp2_common/hardware_claim/claim.c.obj
LOAD CMakeFiles/my_project.dir/Users/wyatt/Dev/pico-sdk/src/rp2_common/pico_platform/platform.c.obj
LOAD CMakeFiles/my_project.dir/Users/wyatt/Dev/pico-sdk/src/rp2_common/hardware_sync/sync.c.obj
LOAD CMakeFiles/my_project.dir/Users/wyatt/Dev/pico-sdk/src/rp2_common/hardware_irq/irq.c.obj
LOAD CMakeFiles/my_project.dir/Users/wyatt/Dev/pico-sdk/src/rp2_common/hardware_irq/irq_handler_chain.S.obj
LOAD CMakeFiles/my_project.dir/Users/wyatt/Dev/pico-sdk/src/common/pico_sync/sem.c.obj
LOAD CMakeFiles/my_project.dir/Users/wyatt/Dev/pico-sdk/src/common/pico_sync/lock_core.c.obj
LOAD CMakeFiles/my_project.dir/Users/wyatt/Dev/pico-sdk/src/common/pico_time/time.c.obj
LOAD CMakeFiles/my_project.dir/Users/wyatt/Dev/pico-sdk/src/common/pico_time/timeout_helper.c.obj
LOAD CMakeFiles/my_project.dir/Users/wyatt/Dev/pico-sdk/src/rp2_common/hardware_timer/timer.c.obj
LOAD CMakeFiles/my_project.dir/Users/wyatt/Dev/pico-sdk/src/common/pico_util/datetime.c.obj
LOAD CMakeFiles/my_project.dir/Users/wyatt/Dev/pico-sdk/src/common/pico_util/pheap.c.obj
LOAD CMakeFiles/my_project.dir/Users/wyatt/Dev/pico-sdk/src/common/pico_util/queue.c.obj
LOAD CMakeFiles/my_project.dir/Users/wyatt/Dev/pico-sdk/src/common/pico_sync/mutex.c.obj
LOAD CMakeFiles/my_project.dir/Users/wyatt/Dev/pico-sdk/src/common/pico_sync/critical_section.c.obj
LOAD CMakeFiles/my_project.dir/Users/wyatt/Dev/pico-sdk/src/rp2_common/hardware_uart/uart.c.obj
LOAD CMakeFiles/my_project.dir/Users/wyatt/Dev/pico-sdk/src/rp2_common/hardware_divider/divider.S.obj
LOAD CMakeFiles/my_project.dir/Users/wyatt/Dev/pico-sdk/src/rp2_common/pico_runtime/runtime.c.obj
LOAD CMakeFiles/my_project.dir/Users/wyatt/Dev/pico-sdk/src/rp2_common/hardware_clocks/clocks.c.obj
LOAD CMakeFiles/my_project.dir/Users/wyatt/Dev/pico-sdk/src/rp2_common/hardware_pll/pll.c.obj
LOAD CMakeFiles/my_project.dir/Users/wyatt/Dev/pico-sdk/src/rp2_common/hardware_vreg/vreg.c.obj
LOAD CMakeFiles/my_project.dir/Users/wyatt/Dev/pico-sdk/src/rp2_common/hardware_watchdog/watchdog.c.obj
LOAD CMakeFiles/my_project.dir/Users/wyatt/Dev/pico-sdk/src/rp2_common/hardware_xosc/xosc.c.obj
LOAD CMakeFiles/my_project.dir/Users/wyatt/Dev/pico-sdk/src/rp2_common/pico_printf/printf.c.obj
LOAD CMakeFiles/my_project.dir/Users/wyatt/Dev/pico-sdk/src/rp2_common/pico_bit_ops/bit_ops_aeabi.S.obj
LOAD CMakeFiles/my_project.dir/Users/wyatt/Dev/pico-sdk/src/rp2_common/pico_bootrom/bootrom.c.obj
LOAD CMakeFiles/my_project.dir/Users/wyatt/Dev/pico-sdk/src/rp2_common/pico_divider/divider.S.obj
LOAD CMakeFiles/my_project.dir/Users/wyatt/Dev/pico-sdk/src/rp2_common/pico_double/double_aeabi.S.obj
LOAD CMakeFiles/my_project.dir/Users/wyatt/Dev/pico-sdk/src/rp2_common/pico_double/double_init_rom.c.obj
LOAD CMakeFiles/my_project.dir/Users/wyatt/Dev/pico-sdk/src/rp2_common/pico_double/double_math.c.obj
LOAD CMakeFiles/my_project.dir/Users/wyatt/Dev/pico-sdk/src/rp2_common/pico_double/double_v1_rom_shim.S.obj
LOAD CMakeFiles/my_project.dir/Users/wyatt/Dev/pico-sdk/src/rp2_common/pico_int64_ops/pico_int64_ops_aeabi.S.obj
LOAD CMakeFiles/my_project.dir/Users/wyatt/Dev/pico-sdk/src/rp2_common/pico_float/float_aeabi.S.obj
LOAD CMakeFiles/my_project.dir/Users/wyatt/Dev/pico-sdk/src/rp2_common/pico_float/float_init_rom.c.obj
LOAD CMakeFiles/my_project.dir/Users/wyatt/Dev/pico-sdk/src/rp2_common/pico_float/float_math.c.obj
LOAD CMakeFiles/my_project.dir/Users/wyatt/Dev/pico-sdk/src/rp2_common/pico_float/float_v1_rom_shim.S.obj
LOAD CMakeFiles/my_project.dir/Users/wyatt/Dev/pico-sdk/src/rp2_common/pico_malloc/pico_malloc.c.obj
LOAD CMakeFiles/my_project.dir/Users/wyatt/Dev/pico-sdk/src/rp2_common/pico_mem_ops/mem_ops_aeabi.S.obj
LOAD CMakeFiles/my_project.dir/Users/wyatt/Dev/pico-sdk/src/rp2_common/pico_standard_link/crt0.S.obj
LOAD CMakeFiles/my_project.dir/Users/wyatt/Dev/pico-sdk/src/rp2_common/pico_standard_link/new_delete.cpp.obj
LOAD CMakeFiles/my_project.dir/Users/wyatt/Dev/pico-sdk/src/rp2_common/pico_standard_link/binary_info.c.obj
LOAD CMakeFiles/my_project.dir/Users/wyatt/Dev/pico-sdk/src/rp2_common/pico_stdio/stdio.c.obj
LOAD CMakeFiles/my_project.dir/Users/wyatt/Dev/pico-sdk/src/rp2_common/pico_stdio_uart/stdio_uart.c.obj
LOAD CMakeFiles/my_project.dir/Users/wyatt/Dev/pico-sdk/src/rp2_common/hardware_pio/pio.c.obj
LOAD CMakeFiles/my_project.dir/Users/wyatt/Dev/pico-sdk/src/rp2_common/hardware_spi/spi.c.obj
LOAD CMakeFiles/my_project.dir/Users/wyatt/Dev/pico-sdk/src/rp2_common/hardware_dma/dma.c.obj
LOAD CMakeFiles/my_project.dir/Users/wyatt/Dev/pico-sdk/src/rp2_common/hardware_adc/adc.c.obj
LOAD CMakeFiles/my_project.dir/Users/wyatt/Dev/pico-sdk/src/rp2_common/hardware_interp/interp.c.obj
LOAD /var/folders/3c/kzcmk4f11wl5lz4z7pyywvs00000gn/T//ccJC74kE.o
LOAD /opt/homebrew/Cellar/arm-none-eabi-gcc/10.3-2021.07/gcc/bin/../lib/gcc/arm-none-eabi/10.3.1/../../../../arm-none-eabi/lib/thumb/v6-m/nofp/libstdc++.a
LOAD /opt/homebrew/Cellar/arm-none-eabi-gcc/10.3-2021.07/gcc/bin/../lib/gcc/arm-none-eabi/10.3.1/../../../../arm-none-eabi/lib/thumb/v6-m/nofp/libm.a
START GROUP
LOAD /opt/homebrew/Cellar/arm-none-eabi-gcc/10.3-2021.07/gcc/bin/../lib/gcc/arm-none-eabi/10.3.1/thumb/v6-m/nofp/libgcc.a
LOAD /opt/homebrew/Cellar/arm-none-eabi-gcc/10.3-2021.07/gcc/bin/../lib/gcc/arm-none-eabi/10.3.1/../../../../arm-none-eabi/lib/thumb/v6-m/nofp/libc.a
END GROUP
START GROUP
LOAD /opt/homebrew/Cellar/arm-none-eabi-gcc/10.3-2021.07/gcc/bin/../lib/gcc/arm-none-eabi/10.3.1/thumb/v6-m/nofp/libgcc.a
LOAD /opt/homebrew/Cellar/arm-none-eabi-gcc/10.3-2021.07/gcc/bin/../lib/gcc/arm-none-eabi/10.3.1/../../../../arm-none-eabi/lib/thumb/v6-m/nofp/libc.a
LOAD /opt/homebrew/Cellar/arm-none-eabi-gcc/10.3-2021.07/gcc/bin/../lib/gcc/arm-none-eabi/10.3.1/../../../../arm-none-eabi/lib/thumb/v6-m/nofp/libnosys.a
END GROUP
LOAD /opt/homebrew/Cellar/arm-none-eabi-gcc/10.3-2021.07/gcc/bin/../lib/gcc/arm-none-eabi/10.3.1/thumb/v6-m/nofp/crtend.o
LOAD /opt/homebrew/Cellar/arm-none-eabi-gcc/10.3-2021.07/gcc/bin/../lib/gcc/arm-none-eabi/10.3.1/thumb/v6-m/nofp/crtn.o
OUTPUT(my_project.elf elf32-littlearm)
LOAD linker stubs

.ARM.attributes
                0x0000000000000000       0x28
 .ARM.attributes
                0x0000000000000000       0x1e /opt/homebrew/Cellar/arm-none-eabi-gcc/10.3-2021.07/gcc/bin/../lib/gcc/arm-none-eabi/10.3.1/thumb/v6-m/nofp/crti.o
 .ARM.attributes
                0x000000000000001e       0x2c /opt/homebrew/Cellar/arm-none-eabi-gcc/10.3-2021.07/gcc/bin/../lib/gcc/arm-none-eabi/10.3.1/thumb/v6-m/nofp/crtbegin.o
 .ARM.attributes
                0x000000000000004a       0x2c CMakeFiles/my_project.dir/main.cpp.obj
 .ARM.attributes
                0x0000000000000076       0x2c CMakeFiles/my_project.dir/Users/wyatt/Dev/picosystem/libraries/picosystem.cpp.obj
 .ARM.attributes
                0x00000000000000a2       0x2c CMakeFiles/my_project.dir/Users/wyatt/Dev/picosystem/libraries/blend.cpp.obj
 .ARM.attributes
                0x00000000000000ce       0x2c CMakeFiles/my_project.dir/Users/wyatt/Dev/picosystem/libraries/audio.cpp.obj
 .ARM.attributes
                0x00000000000000fa       0x2c CMakeFiles/my_project.dir/Users/wyatt/Dev/picosystem/libraries/state.cpp.obj
 .ARM.attributes
                0x0000000000000126       0x2c CMakeFiles/my_project.dir/Users/wyatt/Dev/picosystem/libraries/utility.cpp.obj
 .ARM.attributes
                0x0000000000000152       0x2c CMakeFiles/my_project.dir/Users/wyatt/Dev/picosystem/libraries/hardware.cpp.obj
 .ARM.attributes
                0x000000000000017e       0x32 CMakeFiles/my_project.dir/Users/wyatt/Dev/picosystem/libraries/assets.cpp.obj
 .ARM.attributes
                0x00000000000001b0       0x2c CMakeFiles/my_project.dir/Users/wyatt/Dev/pico-sdk/src/rp2_common/pico_stdlib/stdlib.c.obj
 .ARM.attributes
                0x00000000000001dc       0x2c CMakeFiles/my_project.dir/Users/wyatt/Dev/pico-sdk/src/rp2_common/hardware_gpio/gpio.c.obj
 .ARM.attributes
                0x0000000000000208       0x2c CMakeFiles/my_project.dir/Users/wyatt/Dev/pico-sdk/src/rp2_common/hardware_claim/claim.c.obj
 .ARM.attributes
                0x0000000000000234       0x2c CMakeFiles/my_project.dir/Users/wyatt/Dev/pico-sdk/src/rp2_common/pico_platform/platform.c.obj
 .ARM.attributes
                0x0000000000000260       0x2c CMakeFiles/my_project.dir/Users/wyatt/Dev/pico-sdk/src/rp2_common/hardware_sync/sync.c.obj
 .ARM.attributes
                0x000000000000028c       0x2c CMakeFiles/my_project.dir/Users/wyatt/Dev/pico-sdk/src/rp2_common/hardware_irq/irq.c.obj
 .ARM.attributes
                0x00000000000002b8       0x22 CMakeFiles/my_project.dir/Users/wyatt/Dev/pico-sdk/src/rp2_common/hardware_irq/irq_handler_chain.S.obj
 .ARM.attributes
                0x00000000000002da       0x2c CMakeFiles/my_project.dir/Users/wyatt/Dev/pico-sdk/src/common/pico_sync/lock_core.c.obj
 .ARM.attributes
                0x0000000000000306       0x2c CMakeFiles/my_project.dir/Users/wyatt/Dev/pico-sdk/src/common/pico_time/time.c.obj
 .ARM.attributes
                0x0000000000000332       0x2c CMakeFiles/my_project.dir/Users/wyatt/Dev/pico-sdk/src/rp2_common/hardware_timer/timer.c.obj
 .ARM.attributes
                0x000000000000035e       0x2c CMakeFiles/my_project.dir/Users/wyatt/Dev/pico-sdk/src/common/pico_util/pheap.c.obj
 .ARM.attributes
                0x000000000000038a       0x2c CMakeFiles/my_project.dir/Users/wyatt/Dev/pico-sdk/src/common/pico_sync/mutex.c.obj
 .ARM.attributes
                0x00000000000003b6       0x2c CMakeFiles/my_project.dir/Users/wyatt/Dev/pico-sdk/src/rp2_common/pico_runtime/runtime.c.obj
 .ARM.attributes
                0x00000000000003e2       0x2c CMakeFiles/my_project.dir/Users/wyatt/Dev/pico-sdk/src/rp2_common/hardware_clocks/clocks.c.obj
 .ARM.attributes
                0x000000000000040e       0x2c CMakeFiles/my_project.dir/Users/wyatt/Dev/pico-sdk/src/rp2_common/hardware_pll/pll.c.obj
 .ARM.attributes
                0x000000000000043a       0x2c CMakeFiles/my_project.dir/Users/wyatt/Dev/pico-sdk/src/rp2_common/hardware_vreg/vreg.c.obj
 .ARM.attributes
                0x0000000000000466       0x2c CMakeFiles/my_project.dir/Users/wyatt/Dev/pico-sdk/src/rp2_common/hardware_watchdog/watchdog.c.obj
 .ARM.attributes
                0x0000000000000492       0x2c CMakeFiles/my_project.dir/Users/wyatt/Dev/pico-sdk/src/rp2_common/hardware_xosc/xosc.c.obj
 .ARM.attributes
                0x00000000000004be       0x2c CMakeFiles/my_project.dir/Users/wyatt/Dev/pico-sdk/src/rp2_common/pico_printf/printf.c.obj
 .ARM.attributes
                0x00000000000004ea       0x22 CMakeFiles/my_project.dir/Users/wyatt/Dev/pico-sdk/src/rp2_common/pico_bit_ops/bit_ops_aeabi.S.obj
 .ARM.attributes
                0x000000000000050c       0x2c CMakeFiles/my_project.dir/Users/wyatt/Dev/pico-sdk/src/rp2_common/pico_bootrom/bootrom.c.obj
 .ARM.attributes
                0x0000000000000538       0x22 CMakeFiles/my_project.dir/Users/wyatt/Dev/pico-sdk/src/rp2_common/pico_divider/divider.S.obj
 .ARM.attributes
                0x000000000000055a       0x22 CMakeFiles/my_project.dir/Users/wyatt/Dev/pico-sdk/src/rp2_common/pico_double/double_aeabi.S.obj
 .ARM.attributes
                0x000000000000057c       0x2c CMakeFiles/my_project.dir/Users/wyatt/Dev/pico-sdk/src/rp2_common/pico_double/double_init_rom.c.obj
 .ARM.attributes
                0x00000000000005a8       0x22 CMakeFiles/my_project.dir/Users/wyatt/Dev/pico-sdk/src/rp2_common/pico_double/double_v1_rom_shim.S.obj
 .ARM.attributes
                0x00000000000005ca       0x22 CMakeFiles/my_project.dir/Users/wyatt/Dev/pico-sdk/src/rp2_common/pico_int64_ops/pico_int64_ops_aeabi.S.obj
 .ARM.attributes
                0x00000000000005ec       0x22 CMakeFiles/my_project.dir/Users/wyatt/Dev/pico-sdk/src/rp2_common/pico_float/float_aeabi.S.obj
 .ARM.attributes
                0x000000000000060e       0x2c CMakeFiles/my_project.dir/Users/wyatt/Dev/pico-sdk/src/rp2_common/pico_float/float_init_rom.c.obj
 .ARM.attributes
                0x000000000000063a       0x2c CMakeFiles/my_project.dir/Users/wyatt/Dev/pico-sdk/src/rp2_common/pico_float/float_math.c.obj
 .ARM.attributes
                0x0000000000000666       0x22 CMakeFiles/my_project.dir/Users/wyatt/Dev/pico-sdk/src/rp2_common/pico_float/float_v1_rom_shim.S.obj
 .ARM.attributes
                0x0000000000000688       0x2c CMakeFiles/my_project.dir/Users/wyatt/Dev/pico-sdk/src/rp2_common/pico_malloc/pico_malloc.c.obj
 .ARM.attributes
                0x00000000000006b4       0x22 CMakeFiles/my_project.dir/Users/wyatt/Dev/pico-sdk/src/rp2_common/pico_mem_ops/mem_ops_aeabi.S.obj
 .ARM.attributes
                0x00000000000006d6       0x22 CMakeFiles/my_project.dir/Users/wyatt/Dev/pico-sdk/src/rp2_common/pico_standard_link/crt0.S.obj
 .ARM.attributes
                0x00000000000006f8       0x2c CMakeFiles/my_project.dir/Users/wyatt/Dev/pico-sdk/src/rp2_common/pico_standard_link/new_delete.cpp.obj
 .ARM.attributes
                0x0000000000000724       0x32 CMakeFiles/my_project.dir/Users/wyatt/Dev/pico-sdk/src/rp2_common/pico_standard_link/binary_info.c.obj
 .ARM.attributes
                0x0000000000000756       0x2c CMakeFiles/my_project.dir/Users/wyatt/Dev/pico-sdk/src/rp2_common/pico_stdio/stdio.c.obj
 .ARM.attributes
                0x0000000000000782       0x2c CMakeFiles/my_project.dir/Users/wyatt/Dev/pico-sdk/src/rp2_common/hardware_pio/pio.c.obj
 .ARM.attributes
                0x00000000000007ae       0x2c CMakeFiles/my_project.dir/Users/wyatt/Dev/pico-sdk/src/rp2_common/hardware_spi/spi.c.obj
 .ARM.attributes
                0x00000000000007da       0x2c CMakeFiles/my_project.dir/Users/wyatt/Dev/pico-sdk/src/rp2_common/hardware_adc/adc.c.obj
 .ARM.attributes
                0x0000000000000806       0x22 /var/folders/3c/kzcmk4f11wl5lz4z7pyywvs00000gn/T//ccJC74kE.o
 .ARM.attributes
                0x0000000000000828       0x2c /opt/homebrew/Cellar/arm-none-eabi-gcc/10.3-2021.07/gcc/bin/../lib/gcc/arm-none-eabi/10.3.1/../../../../arm-none-eabi/lib/thumb/v6-m/nofp/libstdc++.a(eh_alloc.o)
 .ARM.attributes
                0x0000000000000854       0x1e /opt/homebrew/Cellar/arm-none-eabi-gcc/10.3-2021.07/gcc/bin/../lib/gcc/arm-none-eabi/10.3.1/thumb/v6-m/nofp/libgcc.a(_dvmd_tls.o)
 .ARM.attributes
                0x0000000000000872       0x2c /opt/homebrew/Cellar/arm-none-eabi-gcc/10.3-2021.07/gcc/bin/../lib/gcc/arm-none-eabi/10.3.1/../../../../arm-none-eabi/lib/thumb/v6-m/nofp/libc.a(lib_a-impure.o)
 .ARM.attributes
                0x000000000000089e       0x2c /opt/homebrew/Cellar/arm-none-eabi-gcc/10.3-2021.07/gcc/bin/../lib/gcc/arm-none-eabi/10.3.1/../../../../arm-none-eabi/lib/thumb/v6-m/nofp/libc.a(lib_a-lock.o)
 .ARM.attributes
                0x00000000000008ca       0x2c /opt/homebrew/Cellar/arm-none-eabi-gcc/10.3-2021.07/gcc/bin/../lib/gcc/arm-none-eabi/10.3.1/../../../../arm-none-eabi/lib/thumb/v6-m/nofp/libc.a(lib_a-malloc.o)
 .ARM.attributes
                0x00000000000008f6       0x2c /opt/homebrew/Cellar/arm-none-eabi-gcc/10.3-2021.07/gcc/bin/../lib/gcc/arm-none-eabi/10.3.1/../../../../arm-none-eabi/lib/thumb/v6-m/nofp/libc.a(lib_a-mallocr.o)
 .ARM.attributes
                0x0000000000000922       0x2c /opt/homebrew/Cellar/arm-none-eabi-gcc/10.3-2021.07/gcc/bin/../lib/gcc/arm-none-eabi/10.3.1/../../../../arm-none-eabi/lib/thumb/v6-m/nofp/libc.a(lib_a-mlock.o)
 .ARM.attributes
                0x000000000000094e       0x2c /opt/homebrew/Cellar/arm-none-eabi-gcc/10.3-2021.07/gcc/bin/../lib/gcc/arm-none-eabi/10.3.1/../../../../arm-none-eabi/lib/thumb/v6-m/nofp/libc.a(lib_a-rand.o)
 .ARM.attributes
                0x000000000000097a       0x2c /opt/homebrew/Cellar/arm-none-eabi-gcc/10.3-2021.07/gcc/bin/../lib/gcc/arm-none-eabi/10.3.1/../../../../arm-none-eabi/lib/thumb/v6-m/nofp/libc.a(lib_a-sbrkr.o)
 .ARM.attributes
                0x00000000000009a6       0x2c /opt/homebrew/Cellar/arm-none-eabi-gcc/10.3-2021.07/gcc/bin/../lib/gcc/arm-none-eabi/10.3.1/../../../../arm-none-eabi/lib/thumb/v6-m/nofp/libc.a(lib_a-strlen-stub.o)
 .ARM.attributes
                0x00000000000009d2       0x2c /opt/homebrew/Cellar/arm-none-eabi-gcc/10.3-2021.07/gcc/bin/../lib/gcc/arm-none-eabi/10.3.1/../../../../arm-none-eabi/lib/thumb/v6-m/nofp/libc.a(lib_a-freer.o)
 .ARM.attributes
                0x00000000000009fe       0x2c /opt/homebrew/Cellar/arm-none-eabi-gcc/10.3-2021.07/gcc/bin/../lib/gcc/arm-none-eabi/10.3.1/../../../../arm-none-eabi/lib/thumb/v6-m/nofp/libc.a(lib_a-reent.o)

.comment        0x0000000000000000       0x49
 .comment       0x0000000000000000       0x49 CMakeFiles/my_project.dir/main.cpp.obj
                                         0x4a (size before relaxing)
 .comment       0x0000000000000049       0x4a CMakeFiles/my_project.dir/Users/wyatt/Dev/picosystem/libraries/picosystem.cpp.obj
 .comment       0x0000000000000049       0x4a CMakeFiles/my_project.dir/Users/wyatt/Dev/picosystem/libraries/blend.cpp.obj
 .comment       0x0000000000000049       0x4a CMakeFiles/my_project.dir/Users/wyatt/Dev/picosystem/libraries/audio.cpp.obj
 .comment       0x0000000000000049       0x4a CMakeFiles/my_project.dir/Users/wyatt/Dev/picosystem/libraries/state.cpp.obj
 .comment       0x0000000000000049       0x4a CMakeFiles/my_project.dir/Users/wyatt/Dev/picosystem/libraries/utility.cpp.obj
 .comment       0x0000000000000049       0x4a CMakeFiles/my_project.dir/Users/wyatt/Dev/picosystem/libraries/hardware.cpp.obj